Archive member included because of file (symbol)

/home/lordrafa/altera/12.1sp1/nios2eds/bin/gnu/H-i686-pc-linux-gnu/bin/../lib/gcc/nios2-elf/4.1.2/../../../../nios2-elf/lib/libstdc++.a(eh_personality.o)
                              obj/default/framereader/vip_wrapper_for_c_func.o (__gxx_personality_sj0)
/home/lordrafa/altera/12.1sp1/nios2eds/bin/gnu/H-i686-pc-linux-gnu/bin/../lib/gcc/nios2-elf/4.1.2/../../../../nios2-elf/lib/libstdc++.a(eh_terminate.o)
                              /home/lordrafa/altera/12.1sp1/nios2eds/bin/gnu/H-i686-pc-linux-gnu/bin/../lib/gcc/nios2-elf/4.1.2/../../../../nios2-elf/lib/libstdc++.a(eh_personality.o) (_ZN10__cxxabiv111__terminateEPFvvE)
/home/lordrafa/altera/12.1sp1/nios2eds/bin/gnu/H-i686-pc-linux-gnu/bin/../lib/gcc/nios2-elf/4.1.2/../../../../nios2-elf/lib/libstdc++.a(eh_term_handler.o)
                              /home/lordrafa/altera/12.1sp1/nios2eds/bin/gnu/H-i686-pc-linux-gnu/bin/../lib/gcc/nios2-elf/4.1.2/../../../../nios2-elf/lib/libstdc++.a(eh_terminate.o) (_ZN10__cxxabiv119__terminate_handlerE)
/home/lordrafa/altera/12.1sp1/nios2eds/bin/gnu/H-i686-pc-linux-gnu/bin/../lib/gcc/nios2-elf/4.1.2/../../../../nios2-elf/lib/libstdc++.a(eh_catch.o)
                              /home/lordrafa/altera/12.1sp1/nios2eds/bin/gnu/H-i686-pc-linux-gnu/bin/../lib/gcc/nios2-elf/4.1.2/../../../../nios2-elf/lib/libstdc++.a(eh_personality.o) (__cxa_end_catch)
/home/lordrafa/altera/12.1sp1/nios2eds/bin/gnu/H-i686-pc-linux-gnu/bin/../lib/gcc/nios2-elf/4.1.2/../../../../nios2-elf/lib/libstdc++.a(del_op.o)
                              obj/default/framereader/vip_wrapper_for_c_func.o (_ZdlPv)
/home/lordrafa/altera/12.1sp1/nios2eds/bin/gnu/H-i686-pc-linux-gnu/bin/../lib/gcc/nios2-elf/4.1.2/../../../../nios2-elf/lib/libstdc++.a(eh_throw.o)
                              /home/lordrafa/altera/12.1sp1/nios2eds/bin/gnu/H-i686-pc-linux-gnu/bin/../lib/gcc/nios2-elf/4.1.2/../../../../nios2-elf/lib/libstdc++.a(eh_personality.o) (__cxa_rethrow)
/home/lordrafa/altera/12.1sp1/nios2eds/bin/gnu/H-i686-pc-linux-gnu/bin/../lib/gcc/nios2-elf/4.1.2/../../../../nios2-elf/lib/libstdc++.a(eh_alloc.o)
                              /home/lordrafa/altera/12.1sp1/nios2eds/bin/gnu/H-i686-pc-linux-gnu/bin/../lib/gcc/nios2-elf/4.1.2/../../../../nios2-elf/lib/libstdc++.a(eh_throw.o) (__cxa_free_exception)
/home/lordrafa/altera/12.1sp1/nios2eds/bin/gnu/H-i686-pc-linux-gnu/bin/../lib/gcc/nios2-elf/4.1.2/../../../../nios2-elf/lib/libstdc++.a(new_op.o)
                              obj/default/framereader/vip_wrapper_for_c_func.o (_Znwm)
/home/lordrafa/altera/12.1sp1/nios2eds/bin/gnu/H-i686-pc-linux-gnu/bin/../lib/gcc/nios2-elf/4.1.2/../../../../nios2-elf/lib/libstdc++.a(eh_exception.o)
                              /home/lordrafa/altera/12.1sp1/nios2eds/bin/gnu/H-i686-pc-linux-gnu/bin/../lib/gcc/nios2-elf/4.1.2/../../../../nios2-elf/lib/libstdc++.a(eh_personality.o) (_ZTVSt13bad_exception)
/home/lordrafa/altera/12.1sp1/nios2eds/bin/gnu/H-i686-pc-linux-gnu/bin/../lib/gcc/nios2-elf/4.1.2/../../../../nios2-elf/lib/libstdc++.a(eh_call.o)
                              /home/lordrafa/altera/12.1sp1/nios2eds/bin/gnu/H-i686-pc-linux-gnu/bin/../lib/gcc/nios2-elf/4.1.2/../../../../nios2-elf/lib/libstdc++.a(eh_personality.o) (__cxa_call_terminate)
/home/lordrafa/altera/12.1sp1/nios2eds/bin/gnu/H-i686-pc-linux-gnu/bin/../lib/gcc/nios2-elf/4.1.2/../../../../nios2-elf/lib/libstdc++.a(new_handler.o)
                              /home/lordrafa/altera/12.1sp1/nios2eds/bin/gnu/H-i686-pc-linux-gnu/bin/../lib/gcc/nios2-elf/4.1.2/../../../../nios2-elf/lib/libstdc++.a(new_op.o) (__new_handler)
/home/lordrafa/altera/12.1sp1/nios2eds/bin/gnu/H-i686-pc-linux-gnu/bin/../lib/gcc/nios2-elf/4.1.2/../../../../nios2-elf/lib/libstdc++.a(eh_globals.o)
                              /home/lordrafa/altera/12.1sp1/nios2eds/bin/gnu/H-i686-pc-linux-gnu/bin/../lib/gcc/nios2-elf/4.1.2/../../../../nios2-elf/lib/libstdc++.a(eh_personality.o) (__cxa_get_globals_fast)
/home/lordrafa/altera/12.1sp1/nios2eds/bin/gnu/H-i686-pc-linux-gnu/bin/../lib/gcc/nios2-elf/4.1.2/../../../../nios2-elf/lib/libstdc++.a(class_type_info.o)
                              /home/lordrafa/altera/12.1sp1/nios2eds/bin/gnu/H-i686-pc-linux-gnu/bin/../lib/gcc/nios2-elf/4.1.2/../../../../nios2-elf/lib/libstdc++.a(eh_exception.o) (_ZTVN10__cxxabiv117__class_type_infoE)
/home/lordrafa/altera/12.1sp1/nios2eds/bin/gnu/H-i686-pc-linux-gnu/bin/../lib/gcc/nios2-elf/4.1.2/../../../../nios2-elf/lib/libstdc++.a(eh_unex_handler.o)
                              /home/lordrafa/altera/12.1sp1/nios2eds/bin/gnu/H-i686-pc-linux-gnu/bin/../lib/gcc/nios2-elf/4.1.2/../../../../nios2-elf/lib/libstdc++.a(eh_terminate.o) (_ZN10__cxxabiv120__unexpected_handlerE)
/home/lordrafa/altera/12.1sp1/nios2eds/bin/gnu/H-i686-pc-linux-gnu/bin/../lib/gcc/nios2-elf/4.1.2/../../../../nios2-elf/lib/libstdc++.a(si_class_type_info.o)
[...]
Memory Configuration

Name             Origin             Length             Attributes
reset            0x00000000         0x00000020
ddr_sdram        0x00000020         0x01cfffe0
*default*        0x00000000         0xffffffff

Linker script and memory map

LOAD ../RawaPro_Linux_Cache_bsp//obj/HAL/src/crt0.o
LOAD obj/default/alt_tpo_lcd/alt_tpo_lcd.o
LOAD obj/default/alt_video_display/alt_video_display.o
LOAD obj/default/audio_tvdecoder/i2c.o
LOAD obj/default/audio_tvdecoder/tvdecoder_ctrl.o
LOAD obj/default/fonts/tahomabold_20.o
LOAD obj/default/fonts/tahomabold_32.o
LOAD obj/default/graphics_lib/simple_graphics.o
LOAD obj/default/graphics_lib/simple_text.o
LOAD obj/default/keyhandler/keyhandler.o
LOAD obj/default/main.o
LOAD obj/default/sfs/sfs.o
LOAD obj/default/framereader/vip_wrapper_for_c_func.o
LOAD /home/lordrafa/altera/12.1sp1/nios2eds/bin/gnu/H-i686-pc-linux-gnu/bin/../lib/gcc/nios2-elf/4.1.2/../../../../nios2-elf/lib/libstdc++.a
LOAD /home/lordrafa/altera/12.1sp1/nios2eds/bin/gnu/H-i686-pc-linux-gnu/bin/../lib/gcc/nios2-elf/4.1.2/../../../../nios2-elf/lib/libm.a
LOAD /home/lordrafa/altera/12.1sp1/nios2eds/bin/gnu/H-i686-pc-linux-gnu/bin/../lib/gcc/nios2-elf/4.1.2/libgcc.a
START GROUP
LOAD /home/lordrafa/altera/12.1sp1/nios2eds/bin/gnu/H-i686-pc-linux-gnu/bin/../lib/gcc/nios2-elf/4.1.2/../../../../nios2-elf/lib/libc.a
LOAD /home/lordrafa/altera/12.1sp1/nios2eds/bin/gnu/H-i686-pc-linux-gnu/bin/../lib/gcc/nios2-elf/4.1.2/libgcc.a
LOAD ../RawaPro_Linux_Cache_bsp//libhal_bsp.a
END GROUP
LOAD /home/lordrafa/altera/12.1sp1/nios2eds/bin/gnu/H-i686-pc-linux-gnu/bin/../lib/gcc/nios2-elf/4.1.2/libgcc.a
                0x00000000                __alt_mem_ddr_sdram = 0x0

.entry          0x00000000       0x20
 *(.entry)
 .entry         0x00000000       0x20 ../RawaPro_Linux_Cache_bsp//obj/HAL/src/crt0.o
                0x00000000                __reset

.exceptions     0x00000020      0x194
                0x00000020                PROVIDE (__ram_exceptions_start, ABSOLUTE (.))
                0x00000020                . = ALIGN (0x20)
 *(.irq)
 *(.exceptions.entry.label)
 .exceptions.entry.label
                0x00000020        0x0 ../RawaPro_Linux_Cache_bsp//libhal_bsp.a(alt_irq_entry.o)
                0x00000020                alt_irq_entry
 .exceptions.entry.label
                0x00000020        0x0 ../RawaPro_Linux_Cache_bsp//libhal_bsp.a(alt_exception_entry.o)
                0x00000020                alt_exception
 *(.exceptions.entry.user)
 *(.exceptions.entry)
 .exceptions.entry
                0x00000020       0x54 ../RawaPro_Linux_Cache_bsp//libhal_bsp.a(alt_exception_entry.o)
 *(.exceptions.irqtest.user)
 *(.exceptions.irqtest)
 .exceptions.irqtest
                0x00000074       0x10 ../RawaPro_Linux_Cache_bsp//libhal_bsp.a(alt_irq_entry.o)
 *(.exceptions.irqhandler.user)
 *(.exceptions.irqhandler)
 .exceptions.irqhandler
                0x00000084        0x4 ../RawaPro_Linux_Cache_bsp//libhal_bsp.a(alt_irq_entry.o)
 *(.exceptions.irqreturn.user)
 *(.exceptions.irqreturn)
 .exceptions.irqreturn
                0x00000088        0x4 ../RawaPro_Linux_Cache_bsp//libhal_bsp.a(alt_irq_entry.o)
 *(.exceptions.notirq.label)
 .exceptions.notirq.label
                0x0000008c        0x0 ../RawaPro_Linux_Cache_bsp//libhal_bsp.a(alt_irq_entry.o)
 *(.exceptions.notirq.user)
 *(.exceptions.notirq)
 .exceptions.notirq
                0x0000008c        0x8 ../RawaPro_Linux_Cache_bsp//libhal_bsp.a(alt_exception_entry.o)
 *(.exceptions.soft.user)
 *(.exceptions.soft)
 *(.exceptions.unknown.user)
 *(.exceptions.unknown)
 .exceptions.unknown
                0x00000094        0x4 ../RawaPro_Linux_Cache_bsp//libhal_bsp.a(alt_exception_entry.o)
 *(.exceptions.exit.label)
 .exceptions.exit.label
                0x00000098        0x0 ../RawaPro_Linux_Cache_bsp//libhal_bsp.a(alt_irq_entry.o)
 .exceptions.exit.label
                0x00000098        0x0 ../RawaPro_Linux_Cache_bsp//libhal_bsp.a(alt_exception_entry.o)
 *(.exceptions.exit.user)
 *(.exceptions.exit)
 .exceptions.exit
                0x00000098       0x54 ../RawaPro_Linux_Cache_bsp//libhal_bsp.a(alt_exception_entry.o)
 *(.exceptions)
 .exceptions    0x000000ec       0xc8 ../RawaPro_Linux_Cache_bsp//libhal_bsp.a(alt_irq_handler.o)
                0x000000ec                alt_irq_handler
                0x000001b4                PROVIDE (__ram_exceptions_end, ABSOLUTE (.))
                0x00000020                PROVIDE (__flash_exceptions_start, LOADADDR (.exceptions))

.text           0x000001b4    0x15048
                0x000001b4                PROVIDE (stext, ABSOLUTE (.))
 *(.interp)
 *(.hash)
 *(.dynsym)
 *(.dynstr)
 *(.gnu.version)
 *(.gnu.version_d)
 *(.gnu.version_r)
 *(.rel.init)
 *(.rela.init)
 *(.rel.text .rel.text.* .rel.gnu.linkonce.t.*)
 *(.rela.text .rela.text.* .rela.gnu.linkonce.t.*)
 *(.rel.fini)
 *(.rela.fini)
 *(.rel.rodata .rel.rodata.* .rel.gnu.linkonce.r.*)
 *(.rela.rodata .rela.rodata.* .rela.gnu.linkonce.r.*)
 *(.rel.data .rel.data.* .rel.gnu.linkonce.d.*)
 *(.rela.data .rela.data.* .rela.gnu.linkonce.d.*)
 *(.rel.tdata .rel.tdata.* .rel.gnu.linkonce.td.*)
 *(.rela.tdata .rela.tdata.* .rela.gnu.linkonce.td.*)
 *(.rel.tbss .rel.tbss.* .rel.gnu.linkonce.tb.*)
 *(.rela.tbss .rela.tbss.* .rela.gnu.linkonce.tb.*)
 *(.rel.ctors)
 *(.rela.ctors)
 *(.rel.dtors)
 *(.rela.dtors)
 *(.rel.got)
 *(.rela.got)
 *(.rel.sdata .rel.sdata.* .rel.gnu.linkonce.s.*)
 *(.rela.sdata .rela.sdata.* .rela.gnu.linkonce.s.*)
 *(.rel.sbss .rel.sbss.* .rel.gnu.linkonce.sb.*)
 *(.rela.sbss .rela.sbss.* .rela.gnu.linkonce.sb.*)
 *(.rel.sdata2 .rel.sdata2.* .rel.gnu.linkonce.s2.*)
 *(.rela.sdata2 .rela.sdata2.* .rela.gnu.linkonce.s2.*)
 *(.rel.sbss2 .rel.sbss2.* .rel.gnu.linkonce.sb2.*)
 *(.rela.sbss2 .rela.sbss2.* .rela.gnu.linkonce.sb2.*)
 *(.rel.bss .rel.bss.* .rel.gnu.linkonce.b.*)
 *(.rela.bss .rela.bss.* .rela.gnu.linkonce.b.*)
 *(.rel.plt)
 *(.rela.plt)
 *(.rel.dyn)
 *(.init)
 *(.plt)
 *(.text .stub .text.* .gnu.linkonce.t.*)
 .text          0x000001b4       0x4c ../RawaPro_Linux_Cache_bsp//obj/HAL/src/crt0.o
                0x000001b4                _start
 .text          0x00000200      0x804 obj/default/alt_tpo_lcd/alt_tpo_lcd.o
                0x00000200                alt_tpo_lcd_prepare_serial_bus
                0x0000027c                alt_tpo_lcd_cleanup_serial_bus
                0x000002e4                alt_tpo_lcd_write_serial_bits
                0x00000384                alt_tpo_lcd_read_serial_byte
                0x000004c8                alt_tpo_lcd_read_config_register
                0x00000554                alt_tpo_lcd_write_config_register
                0x000005f4                alt_tpo_lcd_init
 .text          0x00000a04      0x370 obj/default/alt_video_display/alt_video_display.o
                0x00000a04                alt_video_display_only_frame_init
                0x00000b90                alt_video_display_clear_screen
                0x00000bf4                alt_video_display_allocate_buffers_only_frame
 .text          0x00000d74      0x738 obj/default/audio_tvdecoder/i2c.o
                0x00001070                i2c_write_with_err_chk
                0x00001214                i2c_write
                0x00001258                i2c_read
                0x00001470                init_i2c
 .text          0x000014ac      0x120 obj/default/audio_tvdecoder/tvdecoder_ctrl.o
                0x000014ac                tv_decoder_write
                0x000014f0                tv_decoder_read
                0x00001528                tv_decoder_init
 .text          0x000015cc        0x0 obj/default/fonts/tahomabold_20.o
 .text          0x000015cc        0x0 obj/default/fonts/tahomabold_32.o
 .text          0x000015cc     0x2ee8 obj/default/graphics_lib/simple_graphics.o
                0x000015cc                vid_draw_line
                0x00001688                vid_scroll_string_quit
                0x000016c4                vid_scroll_string_init
                0x00001810                vid_scroll_string
                0x00001bc8                vid_move_block
                0x00001ce4                vid_print_string
                0x00001df8                vid_draw_box
                0x00001f34                vid_print_char
                0x0000201c                vid_set_pixel
                0x00002244                vid_get_pixel
                0x000022cc                vid_paint_block
                0x00002558                vid_draw_horiz_line
                0x00002884                vid_merge_colors
                0x000028d0                vid_color_convert24_16
                0x00002970                vid_color_convert16_24
                0x000029d8                vid_copy_line_to_frame_buffer
                0x00002cb0                vid_draw_sloped_line
                0x00002f2c                vid_draw_circle
                0x00003098                vid_draw_round_corner_box
                0x00003464                vid_round_corner_points
                0x00003aec                max3
                0x00003b40                min3
                0x00003b94                max_diff3
                0x00003bf8                vid_put_pixel_in_span_map
                0x00003d04                vid_bres_scan_edges
                0x00003f64                vid_draw_triangle
                0x000042ac                CopyImage16
                0x00004388                CropImage16
 .text          0x000044b4      0xcec obj/default/graphics_lib/simple_text.o
                0x000044b4                vid_print_string_alpha
                0x0000472c                seperate_color_channels
                0x0000488c                merge_color_channels
                0x000049c4                read_from_frame
                0x00004c3c                alpha_blending
                0x00004f00                vid_print_char_alpha
                0x000050ac                vid_string_pixel_length_alpha
 .text          0x000051a0      0x1dc obj/default/keyhandler/keyhandler.o
                0x000051a0                handle_button_interrupts
                0x00005314                init_button_pio
 .text          0x0000537c      0x68c obj/default/main.o
                0x0000537c                main
 .text          0x00005a08      0x4b4 obj/default/sfs/sfs.o
                0x00005a08                AGrises
                0x00005b90                Sobel
 .text          0x00005ebc      0x2f8 obj/default/framereader/vip_wrapper_for_c_func.o
                0x00005ebc                Frame_Reader_enable_interrupt
                0x00005ef0                Frame_Reader_start
                0x00005f20                Frame_Reader_switch_to_pb1
                0x00005f4c                Frame_Reader_switch_to_pb0
                0x00005f78                Frame_Reader_set_frame_1_properties
                0x00005fd8                Frame_Reader_set_frame_0_properties
                0x00006038                Frame_Reader_is_running
                0x0000606c                Frame_Reader_stop
                0x000060a0                Frame_Reader_init
 .text._ZNV10EventQueue4pushEP7Vipcorei
                0x000061b4       0x84 obj/default/framereader/vip_wrapper_for_c_func.o
                0x000061b4                _ZNV10EventQueue4pushEP7Vipcorei
 .text._ZN7Vipcore8do_writeEii
                0x00006238       0x50 obj/default/framereader/vip_wrapper_for_c_func.o
                0x00006238                _ZN7Vipcore8do_writeEii
 .text._ZN7Vipcore16enable_interruptEi
                0x00006288       0x64 obj/default/framereader/vip_wrapper_for_c_func.o
                0x00006288                _ZN7Vipcore16enable_interruptEi
 .text._ZN7Vipcore4stopEv
                0x000062ec       0x54 obj/default/framereader/vip_wrapper_for_c_func.o
                0x000062ec                _ZN7Vipcore4stopEv
 .text._ZN7Vipcore5startEv
                0x00006340       0x50 obj/default/framereader/vip_wrapper_for_c_func.o
                0x00006340                _ZN7Vipcore5startEv
 .text._ZN12Frame_Reader13switch_to_pb1Ev
                0x00006390       0x38 obj/default/framereader/vip_wrapper_for_c_func.o
                0x00006390                _ZN12Frame_Reader13switch_to_pb1Ev
 .text._ZN12Frame_Reader13switch_to_pb0Ev
                0x000063c8       0x38 obj/default/framereader/vip_wrapper_for_c_func.o
                0x000063c8                _ZN12Frame_Reader13switch_to_pb0Ev
 .text._ZN12Frame_Reader22set_frame_1_propertiesEiiiiii
                0x00006400       0x94 obj/default/framereader/vip_wrapper_for_c_func.o
                0x00006400                _ZN12Frame_Reader22set_frame_1_propertiesEiiiiii
 .text._ZN12Frame_Reader22set_frame_0_propertiesEiiiiii
                0x00006494       0x94 obj/default/framereader/vip_wrapper_for_c_func.o
                0x00006494                _ZN12Frame_Reader22set_frame_0_propertiesEiiiiii
 .text._ZN7Vipcore7do_readEi
                0x00006528       0x44 obj/default/framereader/vip_wrapper_for_c_func.o
                0x00006528                _ZN7Vipcore7do_readEi
 .text._ZN7Vipcore10is_runningEv
                0x0000656c       0x3c obj/default/framereader/vip_wrapper_for_c_func.o
                0x0000656c                _ZN7Vipcore10is_runningEv
 .text._ZN7Vipcore4stopEb
                0x000065a8       0x58 obj/default/framereader/vip_wrapper_for_c_func.o
                0x000065a8                _ZN7Vipcore4stopEb
 .text._ZN7Vipcore10genericISREPv
                0x00006600       0x64 obj/default/framereader/vip_wrapper_for_c_func.o
                0x00006600                _ZN7Vipcore10genericISREPv
 .text._ZN7VipcoreC2EllPV10EventQueue
                0x00006664       0x88 obj/default/framereader/vip_wrapper_for_c_func.o
                0x00006664                _ZN7VipcoreC2EllPV10EventQueue
 .text._ZN12Frame_ReaderC1El
                0x000066ec       0x40 obj/default/framereader/vip_wrapper_for_c_func.o
                0x000066ec                _ZN12Frame_ReaderC1El
 .text          0x0000672c      0xbec /home/lordrafa/altera/12.1sp1/nios2eds/bin/gnu/H-i686-pc-linux-gnu/bin/../lib/gcc/nios2-elf/4.1.2/../../../../nios2-elf/lib/libstdc++.a(eh_personality.o)
                0x00006cb8                __cxa_call_unexpected
                0x00006e38                __gxx_personality_sj0
 .text          0x00007318      0x10c /home/lordrafa/altera/12.1sp1/nios2eds/bin/gnu/H-i686-pc-linux-gnu/bin/../lib/gcc/nios2-elf/4.1.2/../../../../nios2-elf/lib/libstdc++.a(eh_terminate.o)
                0x00007318                _ZSt13set_terminatePFvvE
                0x0000732c                _ZSt14set_unexpectedPFvvE
                0x00007340                _ZN10__cxxabiv111__terminateEPFvvE
                0x000073e4                _ZSt9terminatev
                0x000073fc                _ZN10__cxxabiv112__unexpectedEPFvvE
                0x0000740c                _ZSt10unexpectedv
 .text          0x00007424        0x0 /home/lordrafa/altera/12.1sp1/nios2eds/bin/gnu/H-i686-pc-linux-gnu/bin/../lib/gcc/nios2-elf/4.1.2/../../../../nios2-elf/lib/libstdc++.a(eh_term_handler.o)
 .text          0x00007424      0x1e4 /home/lordrafa/altera/12.1sp1/nios2eds/bin/gnu/H-i686-pc-linux-gnu/bin/../lib/gcc/nios2-elf/4.1.2/../../../../nios2-elf/lib/libstdc++.a(eh_catch.o)
                0x00007424                __cxa_get_exception_ptr
                0x0000742c                _ZSt18uncaught_exceptionv
                0x0000744c                __cxa_end_catch
                0x000074f0                __cxa_begin_catch
 .text          0x00007608        0xc /home/lordrafa/altera/12.1sp1/nios2eds/bin/gnu/H-i686-pc-linux-gnu/bin/../lib/gcc/nios2-elf/4.1.2/../../../../nios2-elf/lib/libstdc++.a(del_op.o)
                0x00007608                _ZdlPv
 .text          0x00007614      0x148 /home/lordrafa/altera/12.1sp1/nios2eds/bin/gnu/H-i686-pc-linux-gnu/bin/../lib/gcc/nios2-elf/4.1.2/../../../../nios2-elf/lib/libstdc++.a(eh_throw.o)
                0x00007614                __cxa_rethrow
                0x00007688                __cxa_throw
 .text          0x0000775c      0x174 /home/lordrafa/altera/12.1sp1/nios2eds/bin/gnu/H-i686-pc-linux-gnu/bin/../lib/gcc/nios2-elf/4.1.2/../../../../nios2-elf/lib/libstdc++.a(eh_alloc.o)
                0x0000775c                __cxa_free_exception
                0x0000779c                __cxa_allocate_exception
 .text          0x000078d0      0x100 /home/lordrafa/altera/12.1sp1/nios2eds/bin/gnu/H-i686-pc-linux-gnu/bin/../lib/gcc/nios2-elf/4.1.2/../../../../nios2-elf/lib/libstdc++.a(new_op.o)
                0x000078d0                _Znwm
 .text          0x000079d0       0x94 /home/lordrafa/altera/12.1sp1/nios2eds/bin/gnu/H-i686-pc-linux-gnu/bin/../lib/gcc/nios2-elf/4.1.2/../../../../nios2-elf/lib/libstdc++.a(eh_exception.o)
                0x000079d0                _ZNKSt9exception4whatEv
                0x000079e0                _ZNSt9exceptionD0Ev
                0x000079f0                _ZNSt9exceptionD1Ev
                0x00007a00                _ZNSt9exceptionD2Ev
                0x00007a10                _ZNSt13bad_exceptionD0Ev
                0x00007a44                _ZNSt13bad_exceptionD1Ev
                0x00007a54                _ZNSt13bad_exceptionD2Ev
 .text          0x00007a64       0x44 /home/lordrafa/altera/12.1sp1/nios2eds/bin/gnu/H-i686-pc-linux-gnu/bin/../lib/gcc/nios2-elf/4.1.2/../../../../nios2-elf/lib/libstdc++.a(eh_call.o)
                0x00007a64                __cxa_call_terminate
 .text          0x00007aa8       0x60 /home/lordrafa/altera/12.1sp1/nios2eds/bin/gnu/H-i686-pc-linux-gnu/bin/../lib/gcc/nios2-elf/4.1.2/../../../../nios2-elf/lib/libstdc++.a(new_handler.o)
                0x00007aa8                _ZSt15set_new_handlerPFvvE
                0x00007ab4                _ZNSt9bad_allocD0Ev
                0x00007ae8                _ZNSt9bad_allocD1Ev
                0x00007af8                _ZNSt9bad_allocD2Ev
 .text          0x00007b08       0x10 /home/lordrafa/altera/12.1sp1/nios2eds/bin/gnu/H-i686-pc-linux-gnu/bin/../lib/gcc/nios2-elf/4.1.2/../../../../nios2-elf/lib/libstdc++.a(eh_globals.o)
                0x00007b08                __cxa_get_globals_fast
                0x00007b10                __cxa_get_globals
 .text          0x00007b18      0x1bc /home/lordrafa/altera/12.1sp1/nios2eds/bin/gnu/H-i686-pc-linux-gnu/bin/../lib/gcc/nios2-elf/4.1.2/../../../../nios2-elf/lib/libstdc++.a(class_type_info.o)
                0x00007b18                _ZNK10__cxxabiv117__class_type_info11__do_upcastEPKS0_PPv
                0x00007b84                _ZNK10__cxxabiv117__class_type_info20__do_find_public_srcElPKvPKS0_S2_
                0x00007ba4                _ZN10__cxxabiv117__class_type_infoD0Ev
                0x00007bd8                _ZN10__cxxabiv117__class_type_infoD1Ev
                0x00007be8                _ZN10__cxxabiv117__class_type_infoD2Ev
                0x00007bf8                _ZNK10__cxxabiv117__class_type_info10__do_catchEPKSt9type_infoPPvj
                0x00007c58                _ZNK10__cxxabiv117__class_type_info11__do_upcastEPKS0_PKvRNS0_15__upcast_resultE
                0x00007c88                _ZNK10__cxxabiv117__class_type_info12__do_dyncastElNS0_10__sub_kindEPKS0_PKvS3_S5_RNS0_16__dyncast_resultE
 .text          0x00007cd4        0x0 /home/lordrafa/altera/12.1sp1/nios2eds/bin/gnu/H-i686-pc-linux-gnu/bin/../lib/gcc/nios2-elf/4.1.2/../../../../nios2-elf/lib/libstdc++.a(eh_unex_handler.o)
 .text          0x00007cd4      0x1c8 /home/lordrafa/altera/12.1sp1/nios2eds/bin/gnu/H-i686-pc-linux-gnu/bin/../lib/gcc/nios2-elf/4.1.2/../../../../nios2-elf/lib/libstdc++.a(si_class_type_info.o)
                0x00007cd4                _ZNK10__cxxabiv120__si_class_type_info11__do_upcastEPKNS_17__class_type_infoEPKvRNS1_15__upcast_resultE
                0x00007d4c                _ZN10__cxxabiv120__si_class_type_infoD0Ev
                0x00007d80                _ZN10__cxxabiv120__si_class_type_infoD1Ev
                0x00007d90                _ZN10__cxxabiv120__si_class_type_infoD2Ev
                0x00007da0                _ZNK10__cxxabiv120__si_class_type_info20__do_find_public_srcElPKvPKNS_17__class_type_infoES2_
                0x00007dd4                _ZNK10__cxxabiv120__si_class_type_info12__do_dyncastElNS_17__class_type_info10__sub_kindEPKS1_PKvS4_S6_RNS1_16__dyncast_resultE
 .text          0x00007e9c       0x58 /home/lordrafa/altera/12.1sp1/nios2eds/bin/gnu/H-i686-pc-linux-gnu/bin/../lib/gcc/nios2-elf/4.1.2/../../../../nios2-elf/lib/libstdc++.a(tinfo.o)
                0x00007e9c                _ZNKSt9type_info14__is_pointer_pEv
                0x00007ea4                _ZNKSt9type_info15__is_function_pEv
                0x00007eac                _ZNKSt9type_info10__do_catchEPKS_PPvj
                0x00007ebc                _ZNKSt9type_info11__do_upcastEPKN10__cxxabiv117__class_type_infoEPPv
                0x00007ec4                _ZNSt9type_infoD0Ev
                0x00007ed4                _ZNSt9type_infoD1Ev
                0x00007ee4                _ZNSt9type_infoD2Ev
 .text          0x00007ef4      0x14c /home/lordrafa/altera/12.1sp1/nios2eds/bin/gnu/H-i686-pc-linux-gnu/bin/../lib/gcc/nios2-elf/4.1.2/libgcc.a(lib2-divmod.o)
                0x00007f70                __divsi3
                0x00007fd0                __modsi3
                0x00008030                __udivsi3
                0x00008038                __umodsi3
 .text          0x00008040      0x548 /home/lordrafa/altera/12.1sp1/nios2eds/bin/gnu/H-i686-pc-linux-gnu/bin/../lib/gcc/nios2-elf/4.1.2/libgcc.a(unwind-sjlj.o)
                0x00008040                _Unwind_SjLj_Register
                0x00008050                _Unwind_SjLj_Unregister
                0x0000805c                _Unwind_GetGR
                0x00008074                _Unwind_GetCFA
                0x00008088                _Unwind_SetGR
                0x000080a0                _Unwind_GetIP
                0x000080b0                _Unwind_GetIPInfo
                0x000080c4                _Unwind_SetIP
                0x000080d4                _Unwind_GetLanguageSpecificData
                0x000080e0                _Unwind_GetRegionStart
                0x000080e8                _Unwind_FindEnclosingFunction
                0x000080f0                _Unwind_GetDataRelBase
                0x000080f8                _Unwind_GetTextRelBase
                0x00008200                _Unwind_DeleteException
                0x0000830c                _Unwind_SjLj_Resume
                0x00008368                _Unwind_SjLj_RaiseException
                0x00008460                _Unwind_SjLj_ForcedUnwind
                0x000084b0                _Unwind_Backtrace
                0x00008530                _Unwind_SjLj_Resume_or_Rethrow
 .text          0x00008588       0x18 /home/lordrafa/altera/12.1sp1/nios2eds/bin/gnu/H-i686-pc-linux-gnu/bin/../lib/gcc/nios2-elf/4.1.2/../../../../nios2-elf/lib/libc.a(lib_a-abort.o)
                0x00008588                abort
 .text          0x000085a0       0x28 /home/lordrafa/altera/12.1sp1/nios2eds/bin/gnu/H-i686-pc-linux-gnu/bin/../lib/gcc/nios2-elf/4.1.2/../../../../nios2-elf/lib/libc.a(lib_a-malloc.o)
                0x000085a0                free
                0x000085b4                malloc
 .text          0x000085c8      0x740 /home/lordrafa/altera/12.1sp1/nios2eds/bin/gnu/H-i686-pc-linux-gnu/bin/../lib/gcc/nios2-elf/4.1.2/../../../../nios2-elf/lib/libc.a(lib_a-mallocr.o)
                0x000085c8                _malloc_r
 .text          0x00008d08       0xa0 /home/lordrafa/altera/12.1sp1/nios2eds/bin/gnu/H-i686-pc-linux-gnu/bin/../lib/gcc/nios2-elf/4.1.2/../../../../nios2-elf/lib/libc.a(lib_a-memcpy.o)
                0x00008d08                memcpy
 .text          0x00008da8       0x98 /home/lordrafa/altera/12.1sp1/nios2eds/bin/gnu/H-i686-pc-linux-gnu/bin/../lib/gcc/nios2-elf/4.1.2/../../../../nios2-elf/lib/libc.a(lib_a-memset.o)
                0x00008da8                memset
 .text          0x00008e40       0x78 /home/lordrafa/altera/12.1sp1/nios2eds/bin/gnu/H-i686-pc-linux-gnu/bin/../lib/gcc/nios2-elf/4.1.2/../../../../nios2-elf/lib/libc.a(lib_a-printf.o)
                0x00008e40                printf
                0x00008e84                _printf_r
 .text          0x00008eb8       0xb4 /home/lordrafa/altera/12.1sp1/nios2eds/bin/gnu/H-i686-pc-linux-gnu/bin/../lib/gcc/nios2-elf/4.1.2/../../../../nios2-elf/lib/libc.a(lib_a-puts.o)
                0x00008eb8                _puts_r
                0x00008f58                puts
 .text          0x00008f6c       0x70 /home/lordrafa/altera/12.1sp1/nios2eds/bin/gnu/H-i686-pc-linux-gnu/bin/../lib/gcc/nios2-elf/4.1.2/../../../../nios2-elf/lib/libc.a(lib_a-sbrkr.o)
                0x00008f6c                _sbrk_r
 .text          0x00008fdc      0x2d8 /home/lordrafa/altera/12.1sp1/nios2eds/bin/gnu/H-i686-pc-linux-gnu/bin/../lib/gcc/nios2-elf/4.1.2/../../../../nios2-elf/lib/libc.a(lib_a-signal.o)
                0x00008fdc                _raise_r
                0x000090a8                raise
                0x000090bc                _init_signal_r
                0x00009120                _init_signal
                0x00009130                __sigtramp_r
                0x000091e4                __sigtramp
                0x000091f8                _signal_r
                0x00009298                signal
 .text          0x000092b4       0x78 /home/lordrafa/altera/12.1sp1/nios2eds/bin/gnu/H-i686-pc-linux-gnu/bin/../lib/gcc/nios2-elf/4.1.2/../../../../nios2-elf/lib/libc.a(lib_a-signalr.o)
                0x000092b4                _getpid_r
                0x000092b8                _kill_r
 .text          0x0000932c      0x170 /home/lordrafa/altera/12.1sp1/nios2eds/bin/gnu/H-i686-pc-linux-gnu/bin/../lib/gcc/nios2-elf/4.1.2/../../../../nios2-elf/lib/libc.a(lib_a-snprintf.o)
                0x0000932c                snprintf
                0x000093e8                _snprintf_r
 .text          0x0000949c       0x8c /home/lordrafa/altera/12.1sp1/nios2eds/bin/gnu/H-i686-pc-linux-gnu/bin/../lib/gcc/nios2-elf/4.1.2/../../../../nios2-elf/lib/libc.a(lib_a-strcpy.o)
                0x0000949c                strcpy
 .text          0x00009528       0x74 /home/lordrafa/altera/12.1sp1/nios2eds/bin/gnu/H-i686-pc-linux-gnu/bin/../lib/gcc/nios2-elf/4.1.2/../../../../nios2-elf/lib/libc.a(lib_a-strlen.o)
                0x00009528                strlen
 .text          0x0000959c     0x1f28 /home/lordrafa/altera/12.1sp1/nios2eds/bin/gnu/H-i686-pc-linux-gnu/bin/../lib/gcc/nios2-elf/4.1.2/../../../../nios2-elf/lib/libc.a(lib_a-vfprintf.o)
                0x000095f4                ___vfprintf_internal_r
                0x0000b4a0                __vfprintf_internal
 .text          0x0000b4c4      0x13c /home/lordrafa/altera/12.1sp1/nios2eds/bin/gnu/H-i686-pc-linux-gnu/bin/../lib/gcc/nios2-elf/4.1.2/../../../../nios2-elf/lib/libc.a(lib_a-wsetup.o)
                0x0000b4c4                __swsetup_r
 .text          0x0000b600     0x17cc /home/lordrafa/altera/12.1sp1/nios2eds/bin/gnu/H-i686-pc-linux-gnu/bin/../lib/gcc/nios2-elf/4.1.2/../../../../nios2-elf/lib/libc.a(lib_a-dtoa.o)
                0x0000b818                _dtoa_r
 .text          0x0000cdcc      0x230 /home/lordrafa/altera/12.1sp1/nios2eds/bin/gnu/H-i686-pc-linux-gnu/bin/../lib/gcc/nios2-elf/4.1.2/../../../../nios2-elf/lib/libc.a(lib_a-fflush.o)
                0x0000cdcc                _fflush_r
                0x0000cfc8                fflush
 .text          0x0000cffc      0x2c0 /home/lordrafa/altera/12.1sp1/nios2eds/bin/gnu/H-i686-pc-linux-gnu/bin/../lib/gcc/nios2-elf/4.1.2/../../../../nios2-elf/lib/libc.a(lib_a-findfp.o)
                0x0000d054                __sfp_lock_acquire
                0x0000d058                __sfp_lock_release
                0x0000d05c                __sinit_lock_acquire
                0x0000d060                __sinit_lock_release
                0x0000d064                __sinit
                0x0000d118                __fp_unlock_all
                0x0000d130                __fp_lock_all
                0x0000d148                _cleanup_r
                0x0000d154                _cleanup
                0x0000d164                __sfmoreglue
                0x0000d1cc                __sfp
 .text          0x0000d2bc      0x440 /home/lordrafa/altera/12.1sp1/nios2eds/bin/gnu/H-i686-pc-linux-gnu/bin/../lib/gcc/nios2-elf/4.1.2/../../../../nios2-elf/lib/libc.a(lib_a-freer.o)
                0x0000d2bc                _malloc_trim_r
                0x0000d3e8                _free_r
 .text          0x0000d6fc      0x49c /home/lordrafa/altera/12.1sp1/nios2eds/bin/gnu/H-i686-pc-linux-gnu/bin/../lib/gcc/nios2-elf/4.1.2/../../../../nios2-elf/lib/libc.a(lib_a-fvwrite.o)
                0x0000d6fc                __sfvwrite_r
 .text          0x0000db98      0x180 /home/lordrafa/altera/12.1sp1/nios2eds/bin/gnu/H-i686-pc-linux-gnu/bin/../lib/gcc/nios2-elf/4.1.2/../../../../nios2-elf/lib/libc.a(lib_a-fwalk.o)
                0x0000db98                _fwalk_reent
                0x0000dc60                _fwalk
 .text          0x0000dd18        0x0 /home/lordrafa/altera/12.1sp1/nios2eds/bin/gnu/H-i686-pc-linux-gnu/bin/../lib/gcc/nios2-elf/4.1.2/../../../../nios2-elf/lib/libc.a(lib_a-impure.o)
 .text          0x0000dd18        0x0 /home/lordrafa/altera/12.1sp1/nios2eds/bin/gnu/H-i686-pc-linux-gnu/bin/../lib/gcc/nios2-elf/4.1.2/../../../../nios2-elf/lib/libc.a(lib_a-int_errno.o)
 .text          0x0000dd18       0xc4 /home/lordrafa/altera/12.1sp1/nios2eds/bin/gnu/H-i686-pc-linux-gnu/bin/../lib/gcc/nios2-elf/4.1.2/../../../../nios2-elf/lib/libc.a(lib_a-locale.o)
                0x0000dd18                __locale_charset
                0x0000dd20                _localeconv_r
                0x0000dd2c                localeconv
                0x0000dd3c                _setlocale_r
                0x0000ddc0                setlocale
 .text          0x0000dddc      0x194 /home/lordrafa/altera/12.1sp1/nios2eds/bin/gnu/H-i686-pc-linux-gnu/bin/../lib/gcc/nios2-elf/4.1.2/../../../../nios2-elf/lib/libc.a(lib_a-makebuf.o)
                0x0000dddc                __smakebuf_r
 .text          0x0000df70       0xe4 /home/lordrafa/altera/12.1sp1/nios2eds/bin/gnu/H-i686-pc-linux-gnu/bin/../lib/gcc/nios2-elf/4.1.2/../../../../nios2-elf/lib/libc.a(lib_a-memchr.o)
                0x0000df70                memchr
 .text          0x0000e054       0xe0 /home/lordrafa/altera/12.1sp1/nios2eds/bin/gnu/H-i686-pc-linux-gnu/bin/../lib/gcc/nios2-elf/4.1.2/../../../../nios2-elf/lib/libc.a(lib_a-memmove.o)
                0x0000e054                memmove
 .text          0x0000e134      0xff4 /home/lordrafa/altera/12.1sp1/nios2eds/bin/gnu/H-i686-pc-linux-gnu/bin/../lib/gcc/nios2-elf/4.1.2/../../../../nios2-elf/lib/libc.a(lib_a-mprec.o)
                0x0000e134                _Bfree
                0x0000e15c                __hi0bits
                0x0000e1cc                __lo0bits
                0x0000e290                __mcmp
                0x0000e2f0                __ulp
                0x0000e370                __b2d
                0x0000e490                __ratio
                0x0000e540                _mprec_log10
                0x0000e5d4                __copybits
                0x0000e62c                __any_on
                0x0000e6b4                _Balloc
                0x0000e770                __d2b
                0x0000e8ec                __mdiff
                0x0000ea78                __lshift
                0x0000ebc4                __multiply
                0x0000edac                __i2b
                0x0000ede8                __multadd
                0x0000eee8                __pow5mult
                0x0000f008                __s2b
 .text          0x0000f128      0x5f4 /home/lordrafa/altera/12.1sp1/nios2eds/bin/gnu/H-i686-pc-linux-gnu/bin/../lib/gcc/nios2-elf/4.1.2/../../../../nios2-elf/lib/libc.a(lib_a-reallocr.o)
                0x0000f128                _realloc_r
 .text          0x0000f71c       0x40 /home/lordrafa/altera/12.1sp1/nios2eds/bin/gnu/H-i686-pc-linux-gnu/bin/../lib/gcc/nios2-elf/4.1.2/../../../../nios2-elf/lib/libc.a(lib_a-s_isinfd.o)
                0x0000f71c                __isinfd
 .text          0x0000f75c       0x30 /home/lordrafa/altera/12.1sp1/nios2eds/bin/gnu/H-i686-pc-linux-gnu/bin/../lib/gcc/nios2-elf/4.1.2/../../../../nios2-elf/lib/libc.a(lib_a-s_isnand.o)
                0x0000f75c                __isnand
 .text          0x0000f78c      0x14c /home/lordrafa/altera/12.1sp1/nios2eds/bin/gnu/H-i686-pc-linux-gnu/bin/../lib/gcc/nios2-elf/4.1.2/../../../../nios2-elf/lib/libc.a(lib_a-stdio.o)
                0x0000f78c                __sclose
                0x0000f794                __sseek
                0x0000f7fc                __swrite
                0x0000f878                __sread
 .text          0x0000f8d8       0xbc /home/lordrafa/altera/12.1sp1/nios2eds/bin/gnu/H-i686-pc-linux-gnu/bin/../lib/gcc/nios2-elf/4.1.2/../../../../nios2-elf/lib/libc.a(lib_a-strcmp.o)
                0x0000f8d8                strcmp
 .text          0x0000f994       0x78 /home/lordrafa/altera/12.1sp1/nios2eds/bin/gnu/H-i686-pc-linux-gnu/bin/../lib/gcc/nios2-elf/4.1.2/../../../../nios2-elf/lib/libc.a(lib_a-writer.o)
                0x0000f994                _write_r
 .text          0x0000fa0c       0xb4 /home/lordrafa/altera/12.1sp1/nios2eds/bin/gnu/H-i686-pc-linux-gnu/bin/../lib/gcc/nios2-elf/4.1.2/../../../../nios2-elf/lib/libc.a(lib_a-callocr.o)
                0x0000fa0c                _calloc_r
 .text          0x0000fac0       0x70 /home/lordrafa/altera/12.1sp1/nios2eds/bin/gnu/H-i686-pc-linux-gnu/bin/../lib/gcc/nios2-elf/4.1.2/../../../../nios2-elf/lib/libc.a(lib_a-closer.o)
                0x0000fac0                _close_r
 .text          0x0000fb30      0x124 /home/lordrafa/altera/12.1sp1/nios2eds/bin/gnu/H-i686-pc-linux-gnu/bin/../lib/gcc/nios2-elf/4.1.2/../../../../nios2-elf/lib/libc.a(lib_a-fclose.o)
                0x0000fb30                _fclose_r
                0x0000fc40                fclose
 .text          0x0000fc54       0x74 /home/lordrafa/altera/12.1sp1/nios2eds/bin/gnu/H-i686-pc-linux-gnu/bin/../lib/gcc/nios2-elf/4.1.2/../../../../nios2-elf/lib/libc.a(lib_a-fstatr.o)
                0x0000fc54                _fstat_r
 .text          0x0000fcc8       0x70 /home/lordrafa/altera/12.1sp1/nios2eds/bin/gnu/H-i686-pc-linux-gnu/bin/../lib/gcc/nios2-elf/4.1.2/../../../../nios2-elf/lib/libc.a(lib_a-isattyr.o)
                0x0000fcc8                _isatty_r
 .text          0x0000fd38       0x78 /home/lordrafa/altera/12.1sp1/nios2eds/bin/gnu/H-i686-pc-linux-gnu/bin/../lib/gcc/nios2-elf/4.1.2/../../../../nios2-elf/lib/libc.a(lib_a-lseekr.o)
                0x0000fd38                _lseek_r
 .text          0x0000fdb0       0x78 /home/lordrafa/altera/12.1sp1/nios2eds/bin/gnu/H-i686-pc-linux-gnu/bin/../lib/gcc/nios2-elf/4.1.2/../../../../nios2-elf/lib/libc.a(lib_a-readr.o)
                0x0000fdb0                _read_r
 .text          0x0000fe28      0x5dc /home/lordrafa/altera/12.1sp1/nios2eds/bin/gnu/H-i686-pc-linux-gnu/bin/../lib/gcc/nios2-elf/4.1.2/libgcc.a(_udivdi3.o)
                0x0000fe28                __udivdi3
 .text          0x00010404      0x5b0 /home/lordrafa/altera/12.1sp1/nios2eds/bin/gnu/H-i686-pc-linux-gnu/bin/../lib/gcc/nios2-elf/4.1.2/libgcc.a(_umoddi3.o)
                0x00010404                __umoddi3
 .text          0x000109b4      0x504 /home/lordrafa/altera/12.1sp1/nios2eds/bin/gnu/H-i686-pc-linux-gnu/bin/../lib/gcc/nios2-elf/4.1.2/libgcc.a(_addsub_df.o)
                0x00010dc4                __subdf3
                0x00010e44                __adddf3
 .text          0x00010eb8      0x3c4 /home/lordrafa/altera/12.1sp1/nios2eds/bin/gnu/H-i686-pc-linux-gnu/bin/../lib/gcc/nios2-elf/4.1.2/libgcc.a(_mul_df.o)
                0x00010eb8                __muldf3
 .text          0x0001127c      0x258 /home/lordrafa/altera/12.1sp1/nios2eds/bin/gnu/H-i686-pc-linux-gnu/bin/../lib/gcc/nios2-elf/4.1.2/libgcc.a(_div_df.o)
                0x0001127c                __divdf3
 .text          0x000114d4       0x88 /home/lordrafa/altera/12.1sp1/nios2eds/bin/gnu/H-i686-pc-linux-gnu/bin/../lib/gcc/nios2-elf/4.1.2/libgcc.a(_eq_df.o)
                0x000114d4                __eqdf2
 .text          0x0001155c       0x88 /home/lordrafa/altera/12.1sp1/nios2eds/bin/gnu/H-i686-pc-linux-gnu/bin/../lib/gcc/nios2-elf/4.1.2/libgcc.a(_ne_df.o)
                0x0001155c                __nedf2
 .text          0x000115e4       0x88 /home/lordrafa/altera/12.1sp1/nios2eds/bin/gnu/H-i686-pc-linux-gnu/bin/../lib/gcc/nios2-elf/4.1.2/libgcc.a(_gt_df.o)
                0x000115e4                __gtdf2
 .text          0x0001166c       0x88 /home/lordrafa/altera/12.1sp1/nios2eds/bin/gnu/H-i686-pc-linux-gnu/bin/../lib/gcc/nios2-elf/4.1.2/libgcc.a(_ge_df.o)
                0x0001166c                __gedf2
 .text          0x000116f4       0x88 /home/lordrafa/altera/12.1sp1/nios2eds/bin/gnu/H-i686-pc-linux-gnu/bin/../lib/gcc/nios2-elf/4.1.2/libgcc.a(_lt_df.o)
                0x000116f4                __ltdf2
 .text          0x0001177c       0xf8 /home/lordrafa/altera/12.1sp1/nios2eds/bin/gnu/H-i686-pc-linux-gnu/bin/../lib/gcc/nios2-elf/4.1.2/libgcc.a(_si_to_df.o)
                0x0001177c                __floatsidf
 .text          0x00011874       0xd8 /home/lordrafa/altera/12.1sp1/nios2eds/bin/gnu/H-i686-pc-linux-gnu/bin/../lib/gcc/nios2-elf/4.1.2/libgcc.a(_df_to_si.o)
                0x00011874                __fixdfsi
 .text          0x0001194c        0x0 /home/lordrafa/altera/12.1sp1/nios2eds/bin/gnu/H-i686-pc-linux-gnu/bin/../lib/gcc/nios2-elf/4.1.2/libgcc.a(_thenan_df.o)
 .text          0x0001194c      0x194 /home/lordrafa/altera/12.1sp1/nios2eds/bin/gnu/H-i686-pc-linux-gnu/bin/../lib/gcc/nios2-elf/4.1.2/libgcc.a(_usi_to_df.o)
                0x0001194c                __floatunsidf
 .text          0x00011ae0       0x98 /home/lordrafa/altera/12.1sp1/nios2eds/bin/gnu/H-i686-pc-linux-gnu/bin/../lib/gcc/nios2-elf/4.1.2/libgcc.a(_muldi3.o)
                0x00011ae0                __muldi3
 .text          0x00011b78        0x0 /home/lordrafa/altera/12.1sp1/nios2eds/bin/gnu/H-i686-pc-linux-gnu/bin/../lib/gcc/nios2-elf/4.1.2/libgcc.a(_clz.o)
 .text          0x00011b78       0x80 /home/lordrafa/altera/12.1sp1/nios2eds/bin/gnu/H-i686-pc-linux-gnu/bin/../lib/gcc/nios2-elf/4.1.2/libgcc.a(_clzsi2.o)
                0x00011b78                __clzsi2
 .text          0x00011bf8      0x314 /home/lordrafa/altera/12.1sp1/nios2eds/bin/gnu/H-i686-pc-linux-gnu/bin/../lib/gcc/nios2-elf/4.1.2/libgcc.a(_pack_df.o)
                0x00011bf8                __pack_d
 .text          0x00011f0c      0x138 /home/lordrafa/altera/12.1sp1/nios2eds/bin/gnu/H-i686-pc-linux-gnu/bin/../lib/gcc/nios2-elf/4.1.2/libgcc.a(_unpack_df.o)
                0x00011f0c                __unpack_d
 .text          0x00012044       0xc8 /home/lordrafa/altera/12.1sp1/nios2eds/bin/gnu/H-i686-pc-linux-gnu/bin/../lib/gcc/nios2-elf/4.1.2/libgcc.a(_fpcmp_parts_df.o)
                0x00012044                __fpcmp_parts_d
 .text          0x0001210c      0x15c ../RawaPro_Linux_Cache_bsp//libhal_bsp.a(alt_close.o)
                0x0001210c                close
 .text          0x00012268       0x2c ../RawaPro_Linux_Cache_bsp//libhal_bsp.a(alt_dev.o)
 .text          0x00012294        0x0 ../RawaPro_Linux_Cache_bsp//libhal_bsp.a(alt_errno.o)
 .text          0x00012294       0x60 ../RawaPro_Linux_Cache_bsp//libhal_bsp.a(alt_exit.o)
                0x000122d4                _exit
 .text          0x000122f4      0x134 ../RawaPro_Linux_Cache_bsp//libhal_bsp.a(alt_fstat.o)
                0x000122f4                fstat
 .text          0x00012428       0x20 ../RawaPro_Linux_Cache_bsp//libhal_bsp.a(alt_getpid.o)
                0x00012428                getpid
 .text          0x00012448      0x1d4 ../RawaPro_Linux_Cache_bsp//libhal_bsp.a(alt_iic.o)
                0x00012448                alt_ic_isr_register
                0x00012498                alt_ic_irq_enable
                0x00012534                alt_ic_irq_disable
                0x000125d4                alt_ic_irq_enabled
 .text          0x0001261c       0xf8 ../RawaPro_Linux_Cache_bsp//libhal_bsp.a(alt_iic_isr_register.o)
                0x0001261c                alt_iic_isr_register
 .text          0x00012714        0x0 ../RawaPro_Linux_Cache_bsp//libhal_bsp.a(alt_irq_entry.o)
 .text          0x00012714        0x0 ../RawaPro_Linux_Cache_bsp//libhal_bsp.a(alt_irq_handler.o)
 .text          0x00012714        0x0 ../RawaPro_Linux_Cache_bsp//libhal_bsp.a(alt_irq_vars.o)
 .text          0x00012714      0x120 ../RawaPro_Linux_Cache_bsp//libhal_bsp.a(alt_isatty.o)
                0x00012714                isatty
 .text          0x00012834      0x1a0 ../RawaPro_Linux_Cache_bsp//libhal_bsp.a(alt_kill.o)
                0x00012834                kill
 .text          0x000129d4       0xec ../RawaPro_Linux_Cache_bsp//libhal_bsp.a(alt_load.o)
                0x000129d4                alt_load
 .text          0x00012ac0      0x150 ../RawaPro_Linux_Cache_bsp//libhal_bsp.a(alt_lseek.o)
                0x00012ac0                lseek
 .text          0x00012c10       0x6c ../RawaPro_Linux_Cache_bsp//libhal_bsp.a(alt_main.o)
                0x00012c10                alt_main
 .text          0x00012c7c       0x40 ../RawaPro_Linux_Cache_bsp//libhal_bsp.a(alt_malloc_lock.o)
                0x00012c7c                __malloc_lock
                0x00012c9c                __malloc_unlock
 .text          0x00012cbc      0x180 ../RawaPro_Linux_Cache_bsp//libhal_bsp.a(alt_read.o)
                0x00012cbc                read
 .text          0x00012e3c       0x60 ../RawaPro_Linux_Cache_bsp//libhal_bsp.a(alt_release_fd.o)
                0x00012e3c                alt_release_fd
 .text          0x00012e9c       0x40 ../RawaPro_Linux_Cache_bsp//libhal_bsp.a(alt_remap_uncached.o)
                0x00012e9c                alt_remap_uncached
 .text          0x00012edc       0xbc ../RawaPro_Linux_Cache_bsp//libhal_bsp.a(alt_sbrk.o)
                0x00012edc                sbrk
 .text          0x00012f98      0x1a4 ../RawaPro_Linux_Cache_bsp//libhal_bsp.a(alt_tick.o)
                0x00012f98                alt_alarm_stop
                0x00013030                alt_tick
 .text          0x0001313c       0x64 ../RawaPro_Linux_Cache_bsp//libhal_bsp.a(alt_uncached_malloc.o)
                0x0001313c                alt_uncached_malloc
 .text          0x000131a0       0x30 ../RawaPro_Linux_Cache_bsp//libhal_bsp.a(alt_usleep.o)
                0x000131a0                usleep
 .text          0x000131d0      0x180 ../RawaPro_Linux_Cache_bsp//libhal_bsp.a(alt_write.o)
                0x000131d0                write
 .text          0x00013350       0xdc ../RawaPro_Linux_Cache_bsp//libhal_bsp.a(alt_sys_init.o)
                0x00013350                alt_irq_init
                0x00013384                alt_sys_init
 .text          0x0001342c      0x148 ../RawaPro_Linux_Cache_bsp//libhal_bsp.a(altera_avalon_jtag_uart_fd.o)
                0x0001342c                altera_avalon_jtag_uart_read_fd
                0x00013484                altera_avalon_jtag_uart_write_fd
                0x000134dc                altera_avalon_jtag_uart_close_fd
                0x00013524                altera_avalon_jtag_uart_ioctl_fd
 .text          0x00013574      0x40c ../RawaPro_Linux_Cache_bsp//libhal_bsp.a(altera_avalon_jtag_uart_init.o)
                0x00013574                altera_avalon_jtag_uart_init
                0x0001390c                altera_avalon_jtag_uart_close
 .text          0x00013980       0xf4 ../RawaPro_Linux_Cache_bsp//libhal_bsp.a(altera_avalon_jtag_uart_ioctl.o)
                0x00013980                altera_avalon_jtag_uart_ioctl
 .text          0x00013a74      0x224 ../RawaPro_Linux_Cache_bsp//libhal_bsp.a(altera_avalon_jtag_uart_read.o)
                0x00013a74                altera_avalon_jtag_uart_read
 .text          0x00013c98      0x240 ../RawaPro_Linux_Cache_bsp//libhal_bsp.a(altera_avalon_jtag_uart_write.o)
                0x00013c98                altera_avalon_jtag_uart_write
 .text          0x00013ed8      0x188 ../RawaPro_Linux_Cache_bsp//libhal_bsp.a(altera_avalon_performance_counter.o)
                0x00013ed8                perf_get_section_time
                0x00013f88                perf_get_total_time
                0x00013fdc                perf_get_num_starts
                0x0001401c                alt_get_performance_counter_base
                0x0001403c                alt_get_cpu_freq
 .text          0x00014060      0x100 ../RawaPro_Linux_Cache_bsp//libhal_bsp.a(altera_avalon_timer_sc.o)
                0x000140d0                alt_avalon_timer_sc_init
 .text          0x00014160      0x154 ../RawaPro_Linux_Cache_bsp//libhal_bsp.a(alt_alarm_start.o)
                0x00014160                alt_alarm_start
 .text          0x000142b4      0x14c ../RawaPro_Linux_Cache_bsp//libhal_bsp.a(alt_busy_sleep.o)
                0x000142b4                alt_busy_sleep
 .text          0x00014400       0x78 ../RawaPro_Linux_Cache_bsp//libhal_bsp.a(alt_dcache_flush.o)
                0x00014400                alt_dcache_flush
 .text          0x00014478       0x44 ../RawaPro_Linux_Cache_bsp//libhal_bsp.a(alt_dcache_flush_all.o)
                0x00014478                alt_dcache_flush_all
 .text          0x000144bc      0x114 ../RawaPro_Linux_Cache_bsp//libhal_bsp.a(alt_dev_llist_insert.o)
                0x000144bc                alt_dev_llist_insert
 .text          0x000145d0       0x64 ../RawaPro_Linux_Cache_bsp//libhal_bsp.a(alt_do_ctors.o)
                0x000145d0                _do_ctors
 .text          0x00014634       0x64 ../RawaPro_Linux_Cache_bsp//libhal_bsp.a(alt_do_dtors.o)
                0x00014634                _do_dtors
 .text          0x00014698        0x0 ../RawaPro_Linux_Cache_bsp//libhal_bsp.a(alt_exception_entry.o)
 .text          0x00014698       0x30 ../RawaPro_Linux_Cache_bsp//libhal_bsp.a(alt_icache_flush_all.o)
                0x00014698                alt_icache_flush_all
 .text          0x000146c8      0x13c ../RawaPro_Linux_Cache_bsp//libhal_bsp.a(alt_io_redirect.o)
                0x0001478c                alt_io_redirect
 .text          0x00014804      0x2c4 ../RawaPro_Linux_Cache_bsp//libhal_bsp.a(alt_open.o)
                0x000148e0                open
 .text          0x00014ac8       0x20 ../RawaPro_Linux_Cache_bsp//libhal_bsp.a(altera_nios2_qsys_irq.o)
                0x00014ac8                altera_nios2_qsys_irq_init
 .text          0x00014ae8       0x94 ../RawaPro_Linux_Cache_bsp//libhal_bsp.a(alt_find_dev.o)
                0x00014ae8                alt_find_dev
 .text          0x00014b7c      0x120 ../RawaPro_Linux_Cache_bsp//libhal_bsp.a(alt_find_file.o)
                0x00014b7c                alt_find_file
 .text          0x00014c9c       0xb8 ../RawaPro_Linux_Cache_bsp//libhal_bsp.a(alt_get_fd.o)
                0x00014c9c                alt_get_fd
 .text          0x00014d54       0x90 ../RawaPro_Linux_Cache_bsp//libhal_bsp.a(alt_icache_flush.o)
                0x00014d54                alt_icache_flush
 .text          0x00014de4       0x14 /home/lordrafa/altera/12.1sp1/nios2eds/bin/gnu/H-i686-pc-linux-gnu/bin/../lib/gcc/nios2-elf/4.1.2/../../../../nios2-elf/lib/libc.a(lib_a-atexit.o)
                0x00014de4                atexit
 .text          0x00014df8       0x38 /home/lordrafa/altera/12.1sp1/nios2eds/bin/gnu/H-i686-pc-linux-gnu/bin/../lib/gcc/nios2-elf/4.1.2/../../../../nios2-elf/lib/libc.a(lib_a-exit.o)
                0x00014df8                exit
 .text          0x00014e30       0x74 /home/lordrafa/altera/12.1sp1/nios2eds/bin/gnu/H-i686-pc-linux-gnu/bin/../lib/gcc/nios2-elf/4.1.2/../../../../nios2-elf/lib/libc.a(lib_a-memcmp.o)
                0x00014e30                memcmp
 .text          0x00014ea4      0x134 /home/lordrafa/altera/12.1sp1/nios2eds/bin/gnu/H-i686-pc-linux-gnu/bin/../lib/gcc/nios2-elf/4.1.2/../../../../nios2-elf/lib/libc.a(lib_a-__atexit.o)
                0x00014ea4                __register_exitproc
 .text          0x00014fd8      0x1b4 /home/lordrafa/altera/12.1sp1/nios2eds/bin/gnu/H-i686-pc-linux-gnu/bin/../lib/gcc/nios2-elf/4.1.2/../../../../nios2-elf/lib/libc.a(lib_a-__call_atexit.o)
                0x00014fdc                __call_exitprocs
 *(.gnu.warning.*)
 *(.fini)
                0x0001518c                PROVIDE (__etext, ABSOLUTE (.))
                0x0001518c                PROVIDE (_etext, ABSOLUTE (.))
                0x0001518c                PROVIDE (etext, ABSOLUTE (.))
 *(.eh_frame_hdr)
                0x0001518c                . = ALIGN (0x4)
                0x0001518c                PROVIDE (__preinit_array_start, ABSOLUTE (.))
 *(.preinit_array)
                0x0001518c                PROVIDE (__preinit_array_end, ABSOLUTE (.))
                0x0001518c                PROVIDE (__init_array_start, ABSOLUTE (.))
 *(.init_array)
                0x0001518c                PROVIDE (__init_array_end, ABSOLUTE (.))
                0x0001518c                PROVIDE (__fini_array_start, ABSOLUTE (.))
 *(.fini_array)
                0x0001518c                PROVIDE (__fini_array_end, ABSOLUTE (.))
 *(.eh_frame)
 *(.gcc_except_table)
 .gcc_except_table
                0x0001518c        0x6 obj/default/framereader/vip_wrapper_for_c_func.o
 *fill*         0x00015192        0x2 3a880100
 .gcc_except_table
                0x00015194       0x20 /home/lordrafa/altera/12.1sp1/nios2eds/bin/gnu/H-i686-pc-linux-gnu/bin/../lib/gcc/nios2-elf/4.1.2/../../../../nios2-elf/lib/libstdc++.a(eh_personality.o)
 .gcc_except_table
                0x000151b4       0x10 /home/lordrafa/altera/12.1sp1/nios2eds/bin/gnu/H-i686-pc-linux-gnu/bin/../lib/gcc/nios2-elf/4.1.2/../../../../nios2-elf/lib/libstdc++.a(eh_terminate.o)
 .gcc_except_table
                0x000151c4       0x10 /home/lordrafa/altera/12.1sp1/nios2eds/bin/gnu/H-i686-pc-linux-gnu/bin/../lib/gcc/nios2-elf/4.1.2/../../../../nios2-elf/lib/libstdc++.a(eh_catch.o)
 .gcc_except_table
                0x000151d4       0x10 /home/lordrafa/altera/12.1sp1/nios2eds/bin/gnu/H-i686-pc-linux-gnu/bin/../lib/gcc/nios2-elf/4.1.2/../../../../nios2-elf/lib/libstdc++.a(eh_alloc.o)
 .gcc_except_table
                0x000151e4       0x14 /home/lordrafa/altera/12.1sp1/nios2eds/bin/gnu/H-i686-pc-linux-gnu/bin/../lib/gcc/nios2-elf/4.1.2/../../../../nios2-elf/lib/libstdc++.a(new_op.o)
 *(.dynamic)
                0x000151f8                PROVIDE (__CTOR_LIST__, ABSOLUTE (.))
 *(.ctors)
 *(SORT(.ctors.*))
 .ctors.65535   0x000151f8        0x4 /home/lordrafa/altera/12.1sp1/nios2eds/bin/gnu/H-i686-pc-linux-gnu/bin/../lib/gcc/nios2-elf/4.1.2/../../../../nios2-elf/lib/libc.a(lib_a-__call_atexit.o)
                0x000151fc                PROVIDE (__CTOR_END__, ABSOLUTE (.))
                0x000151fc                PROVIDE (__DTOR_LIST__, ABSOLUTE (.))
 *(.dtors)
 *(SORT(.dtors.*))
                0x000151fc                PROVIDE (__DTOR_END__, ABSOLUTE (.))
 *(.jcr)
                0x000151fc                . = ALIGN (0x4)

.rodata         0x000151fc    0x1a590
                0x000151fc                PROVIDE (__ram_rodata_start, ABSOLUTE (.))
                0x000151fc                . = ALIGN (0x4)
 *(.rodata .rodata.* .gnu.linkonce.r.*)
 .rodata        0x000151fc      0x108 obj/default/alt_tpo_lcd/alt_tpo_lcd.o
 .rodata        0x00015304       0xa8 obj/default/audio_tvdecoder/i2c.o
 .rodata        0x000153ac     0x77f2 obj/default/fonts/tahomabold_20.o
 .rodata        0x0001cb9e    0x12520 obj/default/fonts/tahomabold_32.o
 *fill*         0x0002f0be        0x2 00
 .rodata        0x0002f0c0       0x90 obj/default/keyhandler/keyhandler.o
 .rodata        0x0002f150      0x18c obj/default/main.o
 .rodata._ZTVSt13bad_exception
                0x0002f2dc       0x14 /home/lordrafa/altera/12.1sp1/nios2eds/bin/gnu/H-i686-pc-linux-gnu/bin/../lib/gcc/nios2-elf/4.1.2/../../../../nios2-elf/lib/libstdc++.a(eh_exception.o)
                0x0002f2dc                _ZTVSt13bad_exception
 .rodata._ZTVSt9exception
                0x0002f2f0       0x14 /home/lordrafa/altera/12.1sp1/nios2eds/bin/gnu/H-i686-pc-linux-gnu/bin/../lib/gcc/nios2-elf/4.1.2/../../../../nios2-elf/lib/libstdc++.a(eh_exception.o)
                0x0002f2f0                _ZTVSt9exception
 .rodata._ZTSSt13bad_exception
                0x0002f304       0x14 /home/lordrafa/altera/12.1sp1/nios2eds/bin/gnu/H-i686-pc-linux-gnu/bin/../lib/gcc/nios2-elf/4.1.2/../../../../nios2-elf/lib/libstdc++.a(eh_exception.o)
                0x0002f304                _ZTSSt13bad_exception
 .rodata._ZTISt13bad_exception
                0x0002f318        0xc /home/lordrafa/altera/12.1sp1/nios2eds/bin/gnu/H-i686-pc-linux-gnu/bin/../lib/gcc/nios2-elf/4.1.2/../../../../nios2-elf/lib/libstdc++.a(eh_exception.o)
                0x0002f318                _ZTISt13bad_exception
 .rodata._ZTSSt9exception
                0x0002f324       0x10 /home/lordrafa/altera/12.1sp1/nios2eds/bin/gnu/H-i686-pc-linux-gnu/bin/../lib/gcc/nios2-elf/4.1.2/../../../../nios2-elf/lib/libstdc++.a(eh_exception.o)
                0x0002f324                _ZTSSt9exception
 .rodata._ZTVSt9bad_alloc
                0x0002f334       0x14 /home/lordrafa/altera/12.1sp1/nios2eds/bin/gnu/H-i686-pc-linux-gnu/bin/../lib/gcc/nios2-elf/4.1.2/../../../../nios2-elf/lib/libstdc++.a(new_handler.o)
                0x0002f334                _ZTVSt9bad_alloc
 .rodata._ZTSSt9bad_alloc
                0x0002f348       0x10 /home/lordrafa/altera/12.1sp1/nios2eds/bin/gnu/H-i686-pc-linux-gnu/bin/../lib/gcc/nios2-elf/4.1.2/../../../../nios2-elf/lib/libstdc++.a(new_handler.o)
                0x0002f348                _ZTSSt9bad_alloc
 .rodata._ZTISt9bad_alloc
                0x0002f358        0xc /home/lordrafa/altera/12.1sp1/nios2eds/bin/gnu/H-i686-pc-linux-gnu/bin/../lib/gcc/nios2-elf/4.1.2/../../../../nios2-elf/lib/libstdc++.a(new_handler.o)
                0x0002f358                _ZTISt9bad_alloc
 .rodata._ZTVN10__cxxabiv117__class_type_infoE
                0x0002f364       0x2c /home/lordrafa/altera/12.1sp1/nios2eds/bin/gnu/H-i686-pc-linux-gnu/bin/../lib/gcc/nios2-elf/4.1.2/../../../../nios2-elf/lib/libstdc++.a(class_type_info.o)
                0x0002f364                _ZTVN10__cxxabiv117__class_type_infoE
 .rodata._ZTSN10__cxxabiv117__class_type_infoE
                0x0002f390       0x24 /home/lordrafa/altera/12.1sp1/nios2eds/bin/gnu/H-i686-pc-linux-gnu/bin/../lib/gcc/nios2-elf/4.1.2/../../../../nios2-elf/lib/libstdc++.a(class_type_info.o)
                0x0002f390                _ZTSN10__cxxabiv117__class_type_infoE
 .rodata._ZTIN10__cxxabiv117__class_type_infoE
                0x0002f3b4        0xc /home/lordrafa/altera/12.1sp1/nios2eds/bin/gnu/H-i686-pc-linux-gnu/bin/../lib/gcc/nios2-elf/4.1.2/../../../../nios2-elf/lib/libstdc++.a(class_type_info.o)
                0x0002f3b4                _ZTIN10__cxxabiv117__class_type_infoE
 .rodata._ZTVN10__cxxabiv120__si_class_type_infoE
                0x0002f3c0       0x2c /home/lordrafa/altera/12.1sp1/nios2eds/bin/gnu/H-i686-pc-linux-gnu/bin/../lib/gcc/nios2-elf/4.1.2/../../../../nios2-elf/lib/libstdc++.a(si_class_type_info.o)
                0x0002f3c0                _ZTVN10__cxxabiv120__si_class_type_infoE
 .rodata._ZTSN10__cxxabiv120__si_class_type_infoE
                0x0002f3ec       0x28 /home/lordrafa/altera/12.1sp1/nios2eds/bin/gnu/H-i686-pc-linux-gnu/bin/../lib/gcc/nios2-elf/4.1.2/../../../../nios2-elf/lib/libstdc++.a(si_class_type_info.o)
                0x0002f3ec                _ZTSN10__cxxabiv120__si_class_type_infoE
 .rodata._ZTIN10__cxxabiv120__si_class_type_infoE
                0x0002f414        0xc /home/lordrafa/altera/12.1sp1/nios2eds/bin/gnu/H-i686-pc-linux-gnu/bin/../lib/gcc/nios2-elf/4.1.2/../../../../nios2-elf/lib/libstdc++.a(si_class_type_info.o)
                0x0002f414                _ZTIN10__cxxabiv120__si_class_type_infoE
 .rodata._ZTVSt9type_info
                0x0002f420       0x20 /home/lordrafa/altera/12.1sp1/nios2eds/bin/gnu/H-i686-pc-linux-gnu/bin/../lib/gcc/nios2-elf/4.1.2/../../../../nios2-elf/lib/libstdc++.a(tinfo.o)
                0x0002f420                _ZTVSt9type_info
 .rodata._ZTSSt9type_info
                0x0002f440       0x10 /home/lordrafa/altera/12.1sp1/nios2eds/bin/gnu/H-i686-pc-linux-gnu/bin/../lib/gcc/nios2-elf/4.1.2/../../../../nios2-elf/lib/libstdc++.a(tinfo.o)
                0x0002f440                _ZTSSt9type_info
 .rodata.str1.4
                0x0002f450        0x2 /home/lordrafa/altera/12.1sp1/nios2eds/bin/gnu/H-i686-pc-linux-gnu/bin/../lib/gcc/nios2-elf/4.1.2/../../../../nios2-elf/lib/libc.a(lib_a-puts.o)
                                  0x4 (size before relaxing)
 *fill*         0x0002f452        0x2 00
 .rodata.str1.4
                0x0002f454       0x5e /home/lordrafa/altera/12.1sp1/nios2eds/bin/gnu/H-i686-pc-linux-gnu/bin/../lib/gcc/nios2-elf/4.1.2/../../../../nios2-elf/lib/libc.a(lib_a-vfprintf.o)
                                 0x60 (size before relaxing)
 .rodata        0x0002f4b2       0x20 /home/lordrafa/altera/12.1sp1/nios2eds/bin/gnu/H-i686-pc-linux-gnu/bin/../lib/gcc/nios2-elf/4.1.2/../../../../nios2-elf/lib/libc.a(lib_a-vfprintf.o)
 *fill*         0x0002f4d2        0x2 00
 .rodata.str1.4
                0x0002f4d4       0x10 /home/lordrafa/altera/12.1sp1/nios2eds/bin/gnu/H-i686-pc-linux-gnu/bin/../lib/gcc/nios2-elf/4.1.2/../../../../nios2-elf/lib/libc.a(lib_a-dtoa.o)
                                 0x14 (size before relaxing)
 .rodata.str1.4
                0x0002f4e4        0x2 /home/lordrafa/altera/12.1sp1/nios2eds/bin/gnu/H-i686-pc-linux-gnu/bin/../lib/gcc/nios2-elf/4.1.2/../../../../nios2-elf/lib/libc.a(lib_a-impure.o)
                                  0x4 (size before relaxing)
 *fill*         0x0002f4e6        0x2 00
 .rodata.str1.4
                0x0002f4e8       0x10 /home/lordrafa/altera/12.1sp1/nios2eds/bin/gnu/H-i686-pc-linux-gnu/bin/../lib/gcc/nios2-elf/4.1.2/../../../../nios2-elf/lib/libc.a(lib_a-locale.o)
                                 0x18 (size before relaxing)
 .rodata        0x0002f4f8       0x30 /home/lordrafa/altera/12.1sp1/nios2eds/bin/gnu/H-i686-pc-linux-gnu/bin/../lib/gcc/nios2-elf/4.1.2/../../../../nios2-elf/lib/libc.a(lib_a-locale.o)
 .rodata        0x0002f528      0x124 /home/lordrafa/altera/12.1sp1/nios2eds/bin/gnu/H-i686-pc-linux-gnu/bin/../lib/gcc/nios2-elf/4.1.2/../../../../nios2-elf/lib/libc.a(lib_a-mprec.o)
                0x0002f528                __mprec_tens
                0x0002f5f0                __mprec_bigtens
                0x0002f618                __mprec_tinytens
 .rodata        0x0002f64c       0x14 /home/lordrafa/altera/12.1sp1/nios2eds/bin/gnu/H-i686-pc-linux-gnu/bin/../lib/gcc/nios2-elf/4.1.2/libgcc.a(_thenan_df.o)
                0x0002f64c                __thenan_df
 .rodata        0x0002f660      0x100 /home/lordrafa/altera/12.1sp1/nios2eds/bin/gnu/H-i686-pc-linux-gnu/bin/../lib/gcc/nios2-elf/4.1.2/libgcc.a(_clz.o)
                0x0002f660                __clz_tab
 .rodata        0x0002f760        0xc ../RawaPro_Linux_Cache_bsp//libhal_bsp.a(alt_dev.o)
 .rodata        0x0002f76c       0x10 ../RawaPro_Linux_Cache_bsp//libhal_bsp.a(alt_main.o)
 .rodata        0x0002f77c       0x10 ../RawaPro_Linux_Cache_bsp//libhal_bsp.a(alt_sys_init.o)
 *(.rodata1)
                0x0002f78c                . = ALIGN (0x4)
                0x0002f78c                PROVIDE (__ram_rodata_end, ABSOLUTE (.))
                0x000151fc                PROVIDE (__flash_rodata_start, LOADADDR (.rodata))

.rwdata         0x0002f78c     0x3630 load address 0x00032dbc
                0x0002f78c                PROVIDE (__ram_rwdata_start, ABSOLUTE (.))
                0x0002f78c                . = ALIGN (0x4)
 *(.got.plt)
 *(.got)
 *(.data1)
 *(.data .data.* .gnu.linkonce.d.*)
 .data          0x0002f78c        0x0 ../RawaPro_Linux_Cache_bsp//obj/HAL/src/crt0.o
 .data          0x0002f78c        0x0 obj/default/alt_tpo_lcd/alt_tpo_lcd.o
 .data          0x0002f78c        0x0 obj/default/alt_video_display/alt_video_display.o
 .data          0x0002f78c        0x0 obj/default/audio_tvdecoder/i2c.o
 .data          0x0002f78c       0x18 obj/default/audio_tvdecoder/tvdecoder_ctrl.o
 .data          0x0002f7a4      0xbc0 obj/default/fonts/tahomabold_20.o
                0x0002f7a4                tahomabold_20
 .data          0x00030364      0xbc0 obj/default/fonts/tahomabold_32.o
                0x00030364                tahomabold_32
 .data          0x00030f24      0x415 obj/default/graphics_lib/simple_graphics.o
                0x00030f24                cour10_font_array
 .data          0x00031339        0x0 obj/default/graphics_lib/simple_text.o
 .data          0x00031339        0x0 obj/default/keyhandler/keyhandler.o
 .data          0x00031339        0x0 obj/default/main.o
 .data          0x00031339        0x0 obj/default/sfs/sfs.o
 .data          0x00031339        0x0 obj/default/framereader/vip_wrapper_for_c_func.o
 .data          0x00031339        0x0 /home/lordrafa/altera/12.1sp1/nios2eds/bin/gnu/H-i686-pc-linux-gnu/bin/../lib/gcc/nios2-elf/4.1.2/../../../../nios2-elf/lib/libstdc++.a(eh_personality.o)
 .data          0x00031339        0x0 /home/lordrafa/altera/12.1sp1/nios2eds/bin/gnu/H-i686-pc-linux-gnu/bin/../lib/gcc/nios2-elf/4.1.2/../../../../nios2-elf/lib/libstdc++.a(eh_terminate.o)
 .data          0x00031339        0x0 /home/lordrafa/altera/12.1sp1/nios2eds/bin/gnu/H-i686-pc-linux-gnu/bin/../lib/gcc/nios2-elf/4.1.2/../../../../nios2-elf/lib/libstdc++.a(eh_term_handler.o)
 .data          0x00031339        0x0 /home/lordrafa/altera/12.1sp1/nios2eds/bin/gnu/H-i686-pc-linux-gnu/bin/../lib/gcc/nios2-elf/4.1.2/../../../../nios2-elf/lib/libstdc++.a(eh_catch.o)
 .data          0x00031339        0x0 /home/lordrafa/altera/12.1sp1/nios2eds/bin/gnu/H-i686-pc-linux-gnu/bin/../lib/gcc/nios2-elf/4.1.2/../../../../nios2-elf/lib/libstdc++.a(del_op.o)
 .data          0x00031339        0x0 /home/lordrafa/altera/12.1sp1/nios2eds/bin/gnu/H-i686-pc-linux-gnu/bin/../lib/gcc/nios2-elf/4.1.2/../../../../nios2-elf/lib/libstdc++.a(eh_throw.o)
 .data          0x00031339        0x0 /home/lordrafa/altera/12.1sp1/nios2eds/bin/gnu/H-i686-pc-linux-gnu/bin/../lib/gcc/nios2-elf/4.1.2/../../../../nios2-elf/lib/libstdc++.a(eh_alloc.o)
 .data          0x00031339        0x0 /home/lordrafa/altera/12.1sp1/nios2eds/bin/gnu/H-i686-pc-linux-gnu/bin/../lib/gcc/nios2-elf/4.1.2/../../../../nios2-elf/lib/libstdc++.a(new_op.o)
 .data          0x00031339        0x0 /home/lordrafa/altera/12.1sp1/nios2eds/bin/gnu/H-i686-pc-linux-gnu/bin/../lib/gcc/nios2-elf/4.1.2/../../../../nios2-elf/lib/libstdc++.a(eh_exception.o)
 .data          0x00031339        0x0 /home/lordrafa/altera/12.1sp1/nios2eds/bin/gnu/H-i686-pc-linux-gnu/bin/../lib/gcc/nios2-elf/4.1.2/../../../../nios2-elf/lib/libstdc++.a(eh_call.o)
 .data          0x00031339        0x0 /home/lordrafa/altera/12.1sp1/nios2eds/bin/gnu/H-i686-pc-linux-gnu/bin/../lib/gcc/nios2-elf/4.1.2/../../../../nios2-elf/lib/libstdc++.a(new_handler.o)
 .data          0x00031339        0x0 /home/lordrafa/altera/12.1sp1/nios2eds/bin/gnu/H-i686-pc-linux-gnu/bin/../lib/gcc/nios2-elf/4.1.2/../../../../nios2-elf/lib/libstdc++.a(eh_globals.o)
 .data          0x00031339        0x0 /home/lordrafa/altera/12.1sp1/nios2eds/bin/gnu/H-i686-pc-linux-gnu/bin/../lib/gcc/nios2-elf/4.1.2/../../../../nios2-elf/lib/libstdc++.a(class_type_info.o)
 .data          0x00031339        0x0 /home/lordrafa/altera/12.1sp1/nios2eds/bin/gnu/H-i686-pc-linux-gnu/bin/../lib/gcc/nios2-elf/4.1.2/../../../../nios2-elf/lib/libstdc++.a(eh_unex_handler.o)
 .data          0x00031339        0x0 /home/lordrafa/altera/12.1sp1/nios2eds/bin/gnu/H-i686-pc-linux-gnu/bin/../lib/gcc/nios2-elf/4.1.2/../../../../nios2-elf/lib/libstdc++.a(si_class_type_info.o)
 .data          0x00031339        0x0 /home/lordrafa/altera/12.1sp1/nios2eds/bin/gnu/H-i686-pc-linux-gnu/bin/../lib/gcc/nios2-elf/4.1.2/../../../../nios2-elf/lib/libstdc++.a(tinfo.o)
 .data          0x00031339        0x0 /home/lordrafa/altera/12.1sp1/nios2eds/bin/gnu/H-i686-pc-linux-gnu/bin/../lib/gcc/nios2-elf/4.1.2/libgcc.a(lib2-divmod.o)
 .data          0x00031339        0x0 /home/lordrafa/altera/12.1sp1/nios2eds/bin/gnu/H-i686-pc-linux-gnu/bin/../lib/gcc/nios2-elf/4.1.2/libgcc.a(unwind-sjlj.o)
 .data          0x00031339        0x0 /home/lordrafa/altera/12.1sp1/nios2eds/bin/gnu/H-i686-pc-linux-gnu/bin/../lib/gcc/nios2-elf/4.1.2/../../../../nios2-elf/lib/libc.a(lib_a-abort.o)
 .data          0x00031339        0x0 /home/lordrafa/altera/12.1sp1/nios2eds/bin/gnu/H-i686-pc-linux-gnu/bin/../lib/gcc/nios2-elf/4.1.2/../../../../nios2-elf/lib/libc.a(lib_a-malloc.o)
 *fill*         0x00031339        0x3 00
 .data          0x0003133c      0x408 /home/lordrafa/altera/12.1sp1/nios2eds/bin/gnu/H-i686-pc-linux-gnu/bin/../lib/gcc/nios2-elf/4.1.2/../../../../nios2-elf/lib/libc.a(lib_a-mallocr.o)
                0x0003133c                __malloc_av_
 .data          0x00031744        0x0 /home/lordrafa/altera/12.1sp1/nios2eds/bin/gnu/H-i686-pc-linux-gnu/bin/../lib/gcc/nios2-elf/4.1.2/../../../../nios2-elf/lib/libc.a(lib_a-memcpy.o)
 .data          0x00031744        0x0 /home/lordrafa/altera/12.1sp1/nios2eds/bin/gnu/H-i686-pc-linux-gnu/bin/../lib/gcc/nios2-elf/4.1.2/../../../../nios2-elf/lib/libc.a(lib_a-memset.o)
 .data          0x00031744        0x0 /home/lordrafa/altera/12.1sp1/nios2eds/bin/gnu/H-i686-pc-linux-gnu/bin/../lib/gcc/nios2-elf/4.1.2/../../../../nios2-elf/lib/libc.a(lib_a-printf.o)
 .data          0x00031744        0x0 /home/lordrafa/altera/12.1sp1/nios2eds/bin/gnu/H-i686-pc-linux-gnu/bin/../lib/gcc/nios2-elf/4.1.2/../../../../nios2-elf/lib/libc.a(lib_a-puts.o)
 .data          0x00031744        0x0 /home/lordrafa/altera/12.1sp1/nios2eds/bin/gnu/H-i686-pc-linux-gnu/bin/../lib/gcc/nios2-elf/4.1.2/../../../../nios2-elf/lib/libc.a(lib_a-sbrkr.o)
 .data          0x00031744        0x0 /home/lordrafa/altera/12.1sp1/nios2eds/bin/gnu/H-i686-pc-linux-gnu/bin/../lib/gcc/nios2-elf/4.1.2/../../../../nios2-elf/lib/libc.a(lib_a-signal.o)
 .data          0x00031744        0x0 /home/lordrafa/altera/12.1sp1/nios2eds/bin/gnu/H-i686-pc-linux-gnu/bin/../lib/gcc/nios2-elf/4.1.2/../../../../nios2-elf/lib/libc.a(lib_a-signalr.o)
 .data          0x00031744        0x0 /home/lordrafa/altera/12.1sp1/nios2eds/bin/gnu/H-i686-pc-linux-gnu/bin/../lib/gcc/nios2-elf/4.1.2/../../../../nios2-elf/lib/libc.a(lib_a-snprintf.o)
 .data          0x00031744        0x0 /home/lordrafa/altera/12.1sp1/nios2eds/bin/gnu/H-i686-pc-linux-gnu/bin/../lib/gcc/nios2-elf/4.1.2/../../../../nios2-elf/lib/libc.a(lib_a-strcpy.o)
 .data          0x00031744        0x0 /home/lordrafa/altera/12.1sp1/nios2eds/bin/gnu/H-i686-pc-linux-gnu/bin/../lib/gcc/nios2-elf/4.1.2/../../../../nios2-elf/lib/libc.a(lib_a-strlen.o)
 .data          0x00031744        0x0 /home/lordrafa/altera/12.1sp1/nios2eds/bin/gnu/H-i686-pc-linux-gnu/bin/../lib/gcc/nios2-elf/4.1.2/../../../../nios2-elf/lib/libc.a(lib_a-vfprintf.o)
 .data          0x00031744        0x0 /home/lordrafa/altera/12.1sp1/nios2eds/bin/gnu/H-i686-pc-linux-gnu/bin/../lib/gcc/nios2-elf/4.1.2/../../../../nios2-elf/lib/libc.a(lib_a-wsetup.o)
 .data          0x00031744        0x0 /home/lordrafa/altera/12.1sp1/nios2eds/bin/gnu/H-i686-pc-linux-gnu/bin/../lib/gcc/nios2-elf/4.1.2/../../../../nios2-elf/lib/libc.a(lib_a-dtoa.o)
 .data          0x00031744        0x0 /home/lordrafa/altera/12.1sp1/nios2eds/bin/gnu/H-i686-pc-linux-gnu/bin/../lib/gcc/nios2-elf/4.1.2/../../../../nios2-elf/lib/libc.a(lib_a-fflush.o)
 .data          0x00031744        0x0 /home/lordrafa/altera/12.1sp1/nios2eds/bin/gnu/H-i686-pc-linux-gnu/bin/../lib/gcc/nios2-elf/4.1.2/../../../../nios2-elf/lib/libc.a(lib_a-findfp.o)
 .data          0x00031744        0x0 /home/lordrafa/altera/12.1sp1/nios2eds/bin/gnu/H-i686-pc-linux-gnu/bin/../lib/gcc/nios2-elf/4.1.2/../../../../nios2-elf/lib/libc.a(lib_a-freer.o)
 .data          0x00031744        0x0 /home/lordrafa/altera/12.1sp1/nios2eds/bin/gnu/H-i686-pc-linux-gnu/bin/../lib/gcc/nios2-elf/4.1.2/../../../../nios2-elf/lib/libc.a(lib_a-fvwrite.o)
 .data          0x00031744        0x0 /home/lordrafa/altera/12.1sp1/nios2eds/bin/gnu/H-i686-pc-linux-gnu/bin/../lib/gcc/nios2-elf/4.1.2/../../../../nios2-elf/lib/libc.a(lib_a-fwalk.o)
 .data          0x00031744      0x400 /home/lordrafa/altera/12.1sp1/nios2eds/bin/gnu/H-i686-pc-linux-gnu/bin/../lib/gcc/nios2-elf/4.1.2/../../../../nios2-elf/lib/libc.a(lib_a-impure.o)
 .data          0x00031b44        0x0 /home/lordrafa/altera/12.1sp1/nios2eds/bin/gnu/H-i686-pc-linux-gnu/bin/../lib/gcc/nios2-elf/4.1.2/../../../../nios2-elf/lib/libc.a(lib_a-int_errno.o)
 .data          0x00031b44        0xc /home/lordrafa/altera/12.1sp1/nios2eds/bin/gnu/H-i686-pc-linux-gnu/bin/../lib/gcc/nios2-elf/4.1.2/../../../../nios2-elf/lib/libc.a(lib_a-locale.o)
                0x00031b44                __lc_ctype
 .data          0x00031b50        0x0 /home/lordrafa/altera/12.1sp1/nios2eds/bin/gnu/H-i686-pc-linux-gnu/bin/../lib/gcc/nios2-elf/4.1.2/../../../../nios2-elf/lib/libc.a(lib_a-makebuf.o)
 .data          0x00031b50        0x0 /home/lordrafa/altera/12.1sp1/nios2eds/bin/gnu/H-i686-pc-linux-gnu/bin/../lib/gcc/nios2-elf/4.1.2/../../../../nios2-elf/lib/libc.a(lib_a-memchr.o)
 .data          0x00031b50        0x0 /home/lordrafa/altera/12.1sp1/nios2eds/bin/gnu/H-i686-pc-linux-gnu/bin/../lib/gcc/nios2-elf/4.1.2/../../../../nios2-elf/lib/libc.a(lib_a-memmove.o)
 .data          0x00031b50        0x0 /home/lordrafa/altera/12.1sp1/nios2eds/bin/gnu/H-i686-pc-linux-gnu/bin/../lib/gcc/nios2-elf/4.1.2/../../../../nios2-elf/lib/libc.a(lib_a-mprec.o)
 .data          0x00031b50        0x0 /home/lordrafa/altera/12.1sp1/nios2eds/bin/gnu/H-i686-pc-linux-gnu/bin/../lib/gcc/nios2-elf/4.1.2/../../../../nios2-elf/lib/libc.a(lib_a-reallocr.o)
 .data          0x00031b50        0x0 /home/lordrafa/altera/12.1sp1/nios2eds/bin/gnu/H-i686-pc-linux-gnu/bin/../lib/gcc/nios2-elf/4.1.2/../../../../nios2-elf/lib/libc.a(lib_a-s_isinfd.o)
 .data          0x00031b50        0x0 /home/lordrafa/altera/12.1sp1/nios2eds/bin/gnu/H-i686-pc-linux-gnu/bin/../lib/gcc/nios2-elf/4.1.2/../../../../nios2-elf/lib/libc.a(lib_a-s_isnand.o)
 .data          0x00031b50        0x0 /home/lordrafa/altera/12.1sp1/nios2eds/bin/gnu/H-i686-pc-linux-gnu/bin/../lib/gcc/nios2-elf/4.1.2/../../../../nios2-elf/lib/libc.a(lib_a-stdio.o)
 .data          0x00031b50        0x0 /home/lordrafa/altera/12.1sp1/nios2eds/bin/gnu/H-i686-pc-linux-gnu/bin/../lib/gcc/nios2-elf/4.1.2/../../../../nios2-elf/lib/libc.a(lib_a-strcmp.o)
 .data          0x00031b50        0x0 /home/lordrafa/altera/12.1sp1/nios2eds/bin/gnu/H-i686-pc-linux-gnu/bin/../lib/gcc/nios2-elf/4.1.2/../../../../nios2-elf/lib/libc.a(lib_a-writer.o)
 .data          0x00031b50        0x0 /home/lordrafa/altera/12.1sp1/nios2eds/bin/gnu/H-i686-pc-linux-gnu/bin/../lib/gcc/nios2-elf/4.1.2/../../../../nios2-elf/lib/libc.a(lib_a-callocr.o)
 .data          0x00031b50        0x0 /home/lordrafa/altera/12.1sp1/nios2eds/bin/gnu/H-i686-pc-linux-gnu/bin/../lib/gcc/nios2-elf/4.1.2/../../../../nios2-elf/lib/libc.a(lib_a-closer.o)
 .data          0x00031b50        0x0 /home/lordrafa/altera/12.1sp1/nios2eds/bin/gnu/H-i686-pc-linux-gnu/bin/../lib/gcc/nios2-elf/4.1.2/../../../../nios2-elf/lib/libc.a(lib_a-fclose.o)
 .data          0x00031b50        0x0 /home/lordrafa/altera/12.1sp1/nios2eds/bin/gnu/H-i686-pc-linux-gnu/bin/../lib/gcc/nios2-elf/4.1.2/../../../../nios2-elf/lib/libc.a(lib_a-fstatr.o)
 .data          0x00031b50        0x0 /home/lordrafa/altera/12.1sp1/nios2eds/bin/gnu/H-i686-pc-linux-gnu/bin/../lib/gcc/nios2-elf/4.1.2/../../../../nios2-elf/lib/libc.a(lib_a-isattyr.o)
 .data          0x00031b50        0x0 /home/lordrafa/altera/12.1sp1/nios2eds/bin/gnu/H-i686-pc-linux-gnu/bin/../lib/gcc/nios2-elf/4.1.2/../../../../nios2-elf/lib/libc.a(lib_a-lseekr.o)
 .data          0x00031b50        0x0 /home/lordrafa/altera/12.1sp1/nios2eds/bin/gnu/H-i686-pc-linux-gnu/bin/../lib/gcc/nios2-elf/4.1.2/../../../../nios2-elf/lib/libc.a(lib_a-readr.o)
 .data          0x00031b50        0x0 /home/lordrafa/altera/12.1sp1/nios2eds/bin/gnu/H-i686-pc-linux-gnu/bin/../lib/gcc/nios2-elf/4.1.2/libgcc.a(_udivdi3.o)
 .data          0x00031b50        0x0 /home/lordrafa/altera/12.1sp1/nios2eds/bin/gnu/H-i686-pc-linux-gnu/bin/../lib/gcc/nios2-elf/4.1.2/libgcc.a(_umoddi3.o)
 .data          0x00031b50        0x0 /home/lordrafa/altera/12.1sp1/nios2eds/bin/gnu/H-i686-pc-linux-gnu/bin/../lib/gcc/nios2-elf/4.1.2/libgcc.a(_addsub_df.o)
 .data          0x00031b50        0x0 /home/lordrafa/altera/12.1sp1/nios2eds/bin/gnu/H-i686-pc-linux-gnu/bin/../lib/gcc/nios2-elf/4.1.2/libgcc.a(_mul_df.o)
 .data          0x00031b50        0x0 /home/lordrafa/altera/12.1sp1/nios2eds/bin/gnu/H-i686-pc-linux-gnu/bin/../lib/gcc/nios2-elf/4.1.2/libgcc.a(_div_df.o)
 .data          0x00031b50        0x0 /home/lordrafa/altera/12.1sp1/nios2eds/bin/gnu/H-i686-pc-linux-gnu/bin/../lib/gcc/nios2-elf/4.1.2/libgcc.a(_eq_df.o)
 .data          0x00031b50        0x0 /home/lordrafa/altera/12.1sp1/nios2eds/bin/gnu/H-i686-pc-linux-gnu/bin/../lib/gcc/nios2-elf/4.1.2/libgcc.a(_ne_df.o)
 .data          0x00031b50        0x0 /home/lordrafa/altera/12.1sp1/nios2eds/bin/gnu/H-i686-pc-linux-gnu/bin/../lib/gcc/nios2-elf/4.1.2/libgcc.a(_gt_df.o)
 .data          0x00031b50        0x0 /home/lordrafa/altera/12.1sp1/nios2eds/bin/gnu/H-i686-pc-linux-gnu/bin/../lib/gcc/nios2-elf/4.1.2/libgcc.a(_ge_df.o)
 .data          0x00031b50        0x0 /home/lordrafa/altera/12.1sp1/nios2eds/bin/gnu/H-i686-pc-linux-gnu/bin/../lib/gcc/nios2-elf/4.1.2/libgcc.a(_lt_df.o)
 .data          0x00031b50        0x0 /home/lordrafa/altera/12.1sp1/nios2eds/bin/gnu/H-i686-pc-linux-gnu/bin/../lib/gcc/nios2-elf/4.1.2/libgcc.a(_si_to_df.o)
 .data          0x00031b50        0x0 /home/lordrafa/altera/12.1sp1/nios2eds/bin/gnu/H-i686-pc-linux-gnu/bin/../lib/gcc/nios2-elf/4.1.2/libgcc.a(_df_to_si.o)
 .data          0x00031b50        0x0 /home/lordrafa/altera/12.1sp1/nios2eds/bin/gnu/H-i686-pc-linux-gnu/bin/../lib/gcc/nios2-elf/4.1.2/libgcc.a(_thenan_df.o)
 .data          0x00031b50        0x0 /home/lordrafa/altera/12.1sp1/nios2eds/bin/gnu/H-i686-pc-linux-gnu/bin/../lib/gcc/nios2-elf/4.1.2/libgcc.a(_usi_to_df.o)
 .data          0x00031b50        0x0 /home/lordrafa/altera/12.1sp1/nios2eds/bin/gnu/H-i686-pc-linux-gnu/bin/../lib/gcc/nios2-elf/4.1.2/libgcc.a(_muldi3.o)
 .data          0x00031b50        0x0 /home/lordrafa/altera/12.1sp1/nios2eds/bin/gnu/H-i686-pc-linux-gnu/bin/../lib/gcc/nios2-elf/4.1.2/libgcc.a(_clz.o)
 .data          0x00031b50        0x0 /home/lordrafa/altera/12.1sp1/nios2eds/bin/gnu/H-i686-pc-linux-gnu/bin/../lib/gcc/nios2-elf/4.1.2/libgcc.a(_clzsi2.o)
 .data          0x00031b50        0x0 /home/lordrafa/altera/12.1sp1/nios2eds/bin/gnu/H-i686-pc-linux-gnu/bin/../lib/gcc/nios2-elf/4.1.2/libgcc.a(_pack_df.o)
 .data          0x00031b50        0x0 /home/lordrafa/altera/12.1sp1/nios2eds/bin/gnu/H-i686-pc-linux-gnu/bin/../lib/gcc/nios2-elf/4.1.2/libgcc.a(_unpack_df.o)
 .data          0x00031b50        0x0 /home/lordrafa/altera/12.1sp1/nios2eds/bin/gnu/H-i686-pc-linux-gnu/bin/../lib/gcc/nios2-elf/4.1.2/libgcc.a(_fpcmp_parts_df.o)
 .data          0x00031b50        0x0 ../RawaPro_Linux_Cache_bsp//libhal_bsp.a(alt_close.o)
 .data          0x00031b50      0x1a8 ../RawaPro_Linux_Cache_bsp//libhal_bsp.a(alt_dev.o)
                0x00031b50                alt_dev_null
                0x00031b78                alt_fd_list
 .data          0x00031cf8        0x0 ../RawaPro_Linux_Cache_bsp//libhal_bsp.a(alt_errno.o)
 .data          0x00031cf8        0x0 ../RawaPro_Linux_Cache_bsp//libhal_bsp.a(alt_exit.o)
 .data          0x00031cf8        0x0 ../RawaPro_Linux_Cache_bsp//libhal_bsp.a(alt_fstat.o)
 .data          0x00031cf8        0x0 ../RawaPro_Linux_Cache_bsp//libhal_bsp.a(alt_getpid.o)
 .data          0x00031cf8        0x0 ../RawaPro_Linux_Cache_bsp//libhal_bsp.a(alt_iic.o)
 .data          0x00031cf8        0x0 ../RawaPro_Linux_Cache_bsp//libhal_bsp.a(alt_iic_isr_register.o)
 .data          0x00031cf8        0x0 ../RawaPro_Linux_Cache_bsp//libhal_bsp.a(alt_irq_entry.o)
 .data          0x00031cf8        0x0 ../RawaPro_Linux_Cache_bsp//libhal_bsp.a(alt_irq_handler.o)
 .data          0x00031cf8        0x0 ../RawaPro_Linux_Cache_bsp//libhal_bsp.a(alt_irq_vars.o)
 .data          0x00031cf8        0x0 ../RawaPro_Linux_Cache_bsp//libhal_bsp.a(alt_isatty.o)
 .data          0x00031cf8        0x0 ../RawaPro_Linux_Cache_bsp//libhal_bsp.a(alt_kill.o)
 .data          0x00031cf8        0x0 ../RawaPro_Linux_Cache_bsp//libhal_bsp.a(alt_load.o)
 .data          0x00031cf8        0x0 ../RawaPro_Linux_Cache_bsp//libhal_bsp.a(alt_lseek.o)
 .data          0x00031cf8        0x0 ../RawaPro_Linux_Cache_bsp//libhal_bsp.a(alt_main.o)
 .data          0x00031cf8        0x0 ../RawaPro_Linux_Cache_bsp//libhal_bsp.a(alt_malloc_lock.o)
 .data          0x00031cf8        0x0 ../RawaPro_Linux_Cache_bsp//libhal_bsp.a(alt_read.o)
 .data          0x00031cf8        0x0 ../RawaPro_Linux_Cache_bsp//libhal_bsp.a(alt_release_fd.o)
 .data          0x00031cf8        0x0 ../RawaPro_Linux_Cache_bsp//libhal_bsp.a(alt_remap_uncached.o)
 .data          0x00031cf8        0x0 ../RawaPro_Linux_Cache_bsp//libhal_bsp.a(alt_sbrk.o)
 .data          0x00031cf8        0x0 ../RawaPro_Linux_Cache_bsp//libhal_bsp.a(alt_tick.o)
 .data          0x00031cf8        0x0 ../RawaPro_Linux_Cache_bsp//libhal_bsp.a(alt_uncached_malloc.o)
 .data          0x00031cf8        0x0 ../RawaPro_Linux_Cache_bsp//libhal_bsp.a(alt_usleep.o)
 .data          0x00031cf8        0x0 ../RawaPro_Linux_Cache_bsp//libhal_bsp.a(alt_write.o)
 .data          0x00031cf8     0x1060 ../RawaPro_Linux_Cache_bsp//libhal_bsp.a(alt_sys_init.o)
 .data          0x00032d58        0x0 ../RawaPro_Linux_Cache_bsp//libhal_bsp.a(altera_avalon_jtag_uart_fd.o)
 .data          0x00032d58        0x0 ../RawaPro_Linux_Cache_bsp//libhal_bsp.a(altera_avalon_jtag_uart_init.o)
 .data          0x00032d58        0x0 ../RawaPro_Linux_Cache_bsp//libhal_bsp.a(altera_avalon_jtag_uart_ioctl.o)
 .data          0x00032d58        0x0 ../RawaPro_Linux_Cache_bsp//libhal_bsp.a(altera_avalon_jtag_uart_read.o)
 .data          0x00032d58        0x0 ../RawaPro_Linux_Cache_bsp//libhal_bsp.a(altera_avalon_jtag_uart_write.o)
 .data          0x00032d58        0x0 ../RawaPro_Linux_Cache_bsp//libhal_bsp.a(altera_avalon_performance_counter.o)
 .data          0x00032d58        0x0 ../RawaPro_Linux_Cache_bsp//libhal_bsp.a(altera_avalon_timer_sc.o)
 .data          0x00032d58        0x0 ../RawaPro_Linux_Cache_bsp//libhal_bsp.a(alt_alarm_start.o)
 .data          0x00032d58        0x0 ../RawaPro_Linux_Cache_bsp//libhal_bsp.a(alt_busy_sleep.o)
 .data          0x00032d58        0x0 ../RawaPro_Linux_Cache_bsp//libhal_bsp.a(alt_dcache_flush.o)
 .data          0x00032d58        0x0 ../RawaPro_Linux_Cache_bsp//libhal_bsp.a(alt_dcache_flush_all.o)
 .data          0x00032d58        0x0 ../RawaPro_Linux_Cache_bsp//libhal_bsp.a(alt_dev_llist_insert.o)
 .data          0x00032d58        0x0 ../RawaPro_Linux_Cache_bsp//libhal_bsp.a(alt_do_ctors.o)
 .data          0x00032d58        0x0 ../RawaPro_Linux_Cache_bsp//libhal_bsp.a(alt_do_dtors.o)
 .data          0x00032d58        0x0 ../RawaPro_Linux_Cache_bsp//libhal_bsp.a(alt_exception_entry.o)
 .data          0x00032d58        0x0 ../RawaPro_Linux_Cache_bsp//libhal_bsp.a(alt_icache_flush_all.o)
 .data          0x00032d58        0x0 ../RawaPro_Linux_Cache_bsp//libhal_bsp.a(alt_io_redirect.o)
 .data          0x00032d58        0x0 ../RawaPro_Linux_Cache_bsp//libhal_bsp.a(alt_open.o)
 .data          0x00032d58        0x0 ../RawaPro_Linux_Cache_bsp//libhal_bsp.a(altera_nios2_qsys_irq.o)
 .data          0x00032d58        0x0 ../RawaPro_Linux_Cache_bsp//libhal_bsp.a(alt_find_dev.o)
 .data          0x00032d58        0x0 ../RawaPro_Linux_Cache_bsp//libhal_bsp.a(alt_find_file.o)
 .data          0x00032d58        0x0 ../RawaPro_Linux_Cache_bsp//libhal_bsp.a(alt_get_fd.o)
 .data          0x00032d58        0x0 ../RawaPro_Linux_Cache_bsp//libhal_bsp.a(alt_icache_flush.o)
 .data          0x00032d58        0x0 /home/lordrafa/altera/12.1sp1/nios2eds/bin/gnu/H-i686-pc-linux-gnu/bin/../lib/gcc/nios2-elf/4.1.2/../../../../nios2-elf/lib/libc.a(lib_a-atexit.o)
 .data          0x00032d58        0x0 /home/lordrafa/altera/12.1sp1/nios2eds/bin/gnu/H-i686-pc-linux-gnu/bin/../lib/gcc/nios2-elf/4.1.2/../../../../nios2-elf/lib/libc.a(lib_a-exit.o)
 .data          0x00032d58        0x0 /home/lordrafa/altera/12.1sp1/nios2eds/bin/gnu/H-i686-pc-linux-gnu/bin/../lib/gcc/nios2-elf/4.1.2/../../../../nios2-elf/lib/libc.a(lib_a-memcmp.o)
 .data          0x00032d58        0x0 /home/lordrafa/altera/12.1sp1/nios2eds/bin/gnu/H-i686-pc-linux-gnu/bin/../lib/gcc/nios2-elf/4.1.2/../../../../nios2-elf/lib/libc.a(lib_a-__atexit.o)
 .data          0x00032d58        0x0 /home/lordrafa/altera/12.1sp1/nios2eds/bin/gnu/H-i686-pc-linux-gnu/bin/../lib/gcc/nios2-elf/4.1.2/../../../../nios2-elf/lib/libc.a(lib_a-__call_atexit.o)
                0x0003ad58                _gp = ABSOLUTE ((. + 0x8000))
                0x0003ad58                PROVIDE (gp, _gp)
 *(.rwdata .rwdata.*)
 *(.sdata .sdata.* .gnu.linkonce.s.*)
 .sdata         0x00032d58        0x4 obj/default/graphics_lib/simple_graphics.o
                0x00032d58                cour10_font
 .sdata         0x00032d5c        0x1 obj/default/main.o
                0x00032d5c                fmask
 *fill*         0x00032d5d        0x3 00
 .sdata         0x00032d60        0x4 /home/lordrafa/altera/12.1sp1/nios2eds/bin/gnu/H-i686-pc-linux-gnu/bin/../lib/gcc/nios2-elf/4.1.2/../../../../nios2-elf/lib/libstdc++.a(eh_term_handler.o)
                0x00032d60                _ZN10__cxxabiv119__terminate_handlerE
 .sdata._ZTISt9exception
                0x00032d64        0x8 /home/lordrafa/altera/12.1sp1/nios2eds/bin/gnu/H-i686-pc-linux-gnu/bin/../lib/gcc/nios2-elf/4.1.2/../../../../nios2-elf/lib/libstdc++.a(eh_exception.o)
                0x00032d64                _ZTISt9exception
 .sdata         0x00032d6c        0x1 /home/lordrafa/altera/12.1sp1/nios2eds/bin/gnu/H-i686-pc-linux-gnu/bin/../lib/gcc/nios2-elf/4.1.2/../../../../nios2-elf/lib/libstdc++.a(new_handler.o)
                0x00032d6c                _ZSt7nothrow
 *fill*         0x00032d6d        0x3 00
 .sdata         0x00032d70        0x4 /home/lordrafa/altera/12.1sp1/nios2eds/bin/gnu/H-i686-pc-linux-gnu/bin/../lib/gcc/nios2-elf/4.1.2/../../../../nios2-elf/lib/libstdc++.a(eh_unex_handler.o)
                0x00032d70                _ZN10__cxxabiv120__unexpected_handlerE
 .sdata._ZTISt9type_info
                0x00032d74        0x8 /home/lordrafa/altera/12.1sp1/nios2eds/bin/gnu/H-i686-pc-linux-gnu/bin/../lib/gcc/nios2-elf/4.1.2/../../../../nios2-elf/lib/libstdc++.a(tinfo.o)
                0x00032d74                _ZTISt9type_info
 .sdata         0x00032d7c        0x8 /home/lordrafa/altera/12.1sp1/nios2eds/bin/gnu/H-i686-pc-linux-gnu/bin/../lib/gcc/nios2-elf/4.1.2/../../../../nios2-elf/lib/libc.a(lib_a-mallocr.o)
                0x00032d7c                __malloc_trim_threshold
                0x00032d80                __malloc_sbrk_base
 .sdata         0x00032d84        0x8 /home/lordrafa/altera/12.1sp1/nios2eds/bin/gnu/H-i686-pc-linux-gnu/bin/../lib/gcc/nios2-elf/4.1.2/../../../../nios2-elf/lib/libc.a(lib_a-impure.o)
                0x00032d84                _impure_ptr
                0x00032d88                _global_impure_ptr
 .sdata         0x00032d8c        0x8 /home/lordrafa/altera/12.1sp1/nios2eds/bin/gnu/H-i686-pc-linux-gnu/bin/../lib/gcc/nios2-elf/4.1.2/../../../../nios2-elf/lib/libc.a(lib_a-locale.o)
                0x00032d8c                __mb_cur_max
 .sdata         0x00032d94       0x14 ../RawaPro_Linux_Cache_bsp//libhal_bsp.a(alt_dev.o)
                0x00032d94                alt_fs_list
                0x00032d9c                alt_dev_list
                0x00032da4                alt_max_fd
 .sdata         0x00032da8        0x4 ../RawaPro_Linux_Cache_bsp//libhal_bsp.a(alt_errno.o)
                0x00032da8                alt_errno
 .sdata         0x00032dac        0x4 ../RawaPro_Linux_Cache_bsp//libhal_bsp.a(alt_irq_vars.o)
                0x00032dac                alt_priority_mask
 .sdata         0x00032db0        0x4 ../RawaPro_Linux_Cache_bsp//libhal_bsp.a(alt_sbrk.o)
 .sdata         0x00032db4        0x8 ../RawaPro_Linux_Cache_bsp//libhal_bsp.a(alt_tick.o)
                0x00032db4                alt_alarm_list
 *(.sdata2 .sdata2.* .gnu.linkonce.s2.*)
                0x00032dbc                . = ALIGN (0x4)
                0x00032dbc                _edata = ABSOLUTE (.)
                0x00032dbc                PROVIDE (edata, ABSOLUTE (.))
                0x00032dbc                PROVIDE (__ram_rwdata_end, ABSOLUTE (.))
                0x00032dbc                PROVIDE (__flash_rwdata_start, LOADADDR (.rwdata))

.bss            0x000363ec      0xb0c
                0x000363ec                __bss_start = ABSOLUTE (.)
                0x000363ec                PROVIDE (__sbss_start, ABSOLUTE (.))
                0x000363ec                PROVIDE (___sbss_start, ABSOLUTE (.))
 *(.dynsbss)
 *(.sbss .sbss.* .gnu.linkonce.sb.*)
 .sbss          0x000363ec        0x8 obj/default/audio_tvdecoder/i2c.o
 .sbss          0x000363f4        0x4 obj/default/framereader/vip_wrapper_for_c_func.o
                0x000363f4                the_frame_reader
 .sbss          0x000363f8        0x4 /home/lordrafa/altera/12.1sp1/nios2eds/bin/gnu/H-i686-pc-linux-gnu/bin/../lib/gcc/nios2-elf/4.1.2/../../../../nios2-elf/lib/libstdc++.a(eh_alloc.o)
 .sbss          0x000363fc        0x4 /home/lordrafa/altera/12.1sp1/nios2eds/bin/gnu/H-i686-pc-linux-gnu/bin/../lib/gcc/nios2-elf/4.1.2/../../../../nios2-elf/lib/libstdc++.a(new_handler.o)
                0x000363fc                __new_handler
 .sbss          0x00036400        0x8 /home/lordrafa/altera/12.1sp1/nios2eds/bin/gnu/H-i686-pc-linux-gnu/bin/../lib/gcc/nios2-elf/4.1.2/../../../../nios2-elf/lib/libstdc++.a(eh_globals.o)
 .sbss          0x00036408        0x4 /home/lordrafa/altera/12.1sp1/nios2eds/bin/gnu/H-i686-pc-linux-gnu/bin/../lib/gcc/nios2-elf/4.1.2/libgcc.a(unwind-sjlj.o)
 .sbss          0x0003640c        0xc /home/lordrafa/altera/12.1sp1/nios2eds/bin/gnu/H-i686-pc-linux-gnu/bin/../lib/gcc/nios2-elf/4.1.2/../../../../nios2-elf/lib/libc.a(lib_a-mallocr.o)
                0x0003640c                __malloc_top_pad
                0x00036410                __malloc_max_sbrked_mem
                0x00036414                __malloc_max_total_mem
 .sbss          0x00036418        0x4 /home/lordrafa/altera/12.1sp1/nios2eds/bin/gnu/H-i686-pc-linux-gnu/bin/../lib/gcc/nios2-elf/4.1.2/../../../../nios2-elf/lib/libc.a(lib_a-int_errno.o)
                0x00036418                errno
 .sbss          0x0003641c        0xc /home/lordrafa/altera/12.1sp1/nios2eds/bin/gnu/H-i686-pc-linux-gnu/bin/../lib/gcc/nios2-elf/4.1.2/../../../../nios2-elf/lib/libc.a(lib_a-locale.o)
                0x0003641c                __nlocale_changed
                0x00036420                __mlocale_changed
                0x00036424                _PathLocale
 .sbss          0x00036428        0x4 ../RawaPro_Linux_Cache_bsp//libhal_bsp.a(alt_irq_vars.o)
                0x00036428                alt_irq_active
 .sbss          0x0003642c        0xc ../RawaPro_Linux_Cache_bsp//libhal_bsp.a(alt_main.o)
                0x0003642c                alt_argc
                0x00036430                alt_argv
                0x00036434                alt_envp
 .sbss          0x00036438        0x8 ../RawaPro_Linux_Cache_bsp//libhal_bsp.a(alt_tick.o)
                0x00036438                _alt_tick_rate
                0x0003643c                _alt_nticks
 *(.sbss2 .sbss2.* .gnu.linkonce.sb2.*)
 *(.scommon)
                0x00036440                PROVIDE (__sbss_end, ABSOLUTE (.))
                0x00036440                PROVIDE (___sbss_end, ABSOLUTE (.))
 *(.dynbss)
 *(.bss .bss.* .gnu.linkonce.b.*)
 .bss           0x00036440        0x0 ../RawaPro_Linux_Cache_bsp//obj/HAL/src/crt0.o
 .bss           0x00036440        0x0 obj/default/alt_tpo_lcd/alt_tpo_lcd.o
 .bss           0x00036440        0x0 obj/default/alt_video_display/alt_video_display.o
 .bss           0x00036440        0x0 obj/default/audio_tvdecoder/i2c.o
 .bss           0x00036440        0x0 obj/default/audio_tvdecoder/tvdecoder_ctrl.o
 .bss           0x00036440        0x0 obj/default/fonts/tahomabold_20.o
 .bss           0x00036440        0x0 obj/default/fonts/tahomabold_32.o
 .bss           0x00036440        0x0 obj/default/graphics_lib/simple_graphics.o
 .bss           0x00036440        0x0 obj/default/graphics_lib/simple_text.o
 .bss           0x00036440        0x0 obj/default/keyhandler/keyhandler.o
 .bss           0x00036440        0x0 obj/default/main.o
 .bss           0x00036440        0x0 obj/default/sfs/sfs.o
 .bss           0x00036440        0x0 obj/default/framereader/vip_wrapper_for_c_func.o
 .bss           0x00036440        0x0 /home/lordrafa/altera/12.1sp1/nios2eds/bin/gnu/H-i686-pc-linux-gnu/bin/../lib/gcc/nios2-elf/4.1.2/../../../../nios2-elf/lib/libstdc++.a(eh_personality.o)
 .bss           0x00036440        0x0 /home/lordrafa/altera/12.1sp1/nios2eds/bin/gnu/H-i686-pc-linux-gnu/bin/../lib/gcc/nios2-elf/4.1.2/../../../../nios2-elf/lib/libstdc++.a(eh_terminate.o)
 .bss           0x00036440        0x0 /home/lordrafa/altera/12.1sp1/nios2eds/bin/gnu/H-i686-pc-linux-gnu/bin/../lib/gcc/nios2-elf/4.1.2/../../../../nios2-elf/lib/libstdc++.a(eh_term_handler.o)
 .bss           0x00036440        0x0 /home/lordrafa/altera/12.1sp1/nios2eds/bin/gnu/H-i686-pc-linux-gnu/bin/../lib/gcc/nios2-elf/4.1.2/../../../../nios2-elf/lib/libstdc++.a(eh_catch.o)
 .bss           0x00036440        0x0 /home/lordrafa/altera/12.1sp1/nios2eds/bin/gnu/H-i686-pc-linux-gnu/bin/../lib/gcc/nios2-elf/4.1.2/../../../../nios2-elf/lib/libstdc++.a(del_op.o)
 .bss           0x00036440        0x0 /home/lordrafa/altera/12.1sp1/nios2eds/bin/gnu/H-i686-pc-linux-gnu/bin/../lib/gcc/nios2-elf/4.1.2/../../../../nios2-elf/lib/libstdc++.a(eh_throw.o)
 .bss           0x00036440      0x800 /home/lordrafa/altera/12.1sp1/nios2eds/bin/gnu/H-i686-pc-linux-gnu/bin/../lib/gcc/nios2-elf/4.1.2/../../../../nios2-elf/lib/libstdc++.a(eh_alloc.o)
 .bss           0x00036c40        0x0 /home/lordrafa/altera/12.1sp1/nios2eds/bin/gnu/H-i686-pc-linux-gnu/bin/../lib/gcc/nios2-elf/4.1.2/../../../../nios2-elf/lib/libstdc++.a(new_op.o)
 .bss           0x00036c40        0x0 /home/lordrafa/altera/12.1sp1/nios2eds/bin/gnu/H-i686-pc-linux-gnu/bin/../lib/gcc/nios2-elf/4.1.2/../../../../nios2-elf/lib/libstdc++.a(eh_exception.o)
 .bss           0x00036c40        0x0 /home/lordrafa/altera/12.1sp1/nios2eds/bin/gnu/H-i686-pc-linux-gnu/bin/../lib/gcc/nios2-elf/4.1.2/../../../../nios2-elf/lib/libstdc++.a(eh_call.o)
 .bss           0x00036c40        0x0 /home/lordrafa/altera/12.1sp1/nios2eds/bin/gnu/H-i686-pc-linux-gnu/bin/../lib/gcc/nios2-elf/4.1.2/../../../../nios2-elf/lib/libstdc++.a(new_handler.o)
 .bss           0x00036c40        0x0 /home/lordrafa/altera/12.1sp1/nios2eds/bin/gnu/H-i686-pc-linux-gnu/bin/../lib/gcc/nios2-elf/4.1.2/../../../../nios2-elf/lib/libstdc++.a(eh_globals.o)
 .bss           0x00036c40        0x0 /home/lordrafa/altera/12.1sp1/nios2eds/bin/gnu/H-i686-pc-linux-gnu/bin/../lib/gcc/nios2-elf/4.1.2/../../../../nios2-elf/lib/libstdc++.a(class_type_info.o)
 .bss           0x00036c40        0x0 /home/lordrafa/altera/12.1sp1/nios2eds/bin/gnu/H-i686-pc-linux-gnu/bin/../lib/gcc/nios2-elf/4.1.2/../../../../nios2-elf/lib/libstdc++.a(eh_unex_handler.o)
 .bss           0x00036c40        0x0 /home/lordrafa/altera/12.1sp1/nios2eds/bin/gnu/H-i686-pc-linux-gnu/bin/../lib/gcc/nios2-elf/4.1.2/../../../../nios2-elf/lib/libstdc++.a(si_class_type_info.o)
 .bss           0x00036c40        0x0 /home/lordrafa/altera/12.1sp1/nios2eds/bin/gnu/H-i686-pc-linux-gnu/bin/../lib/gcc/nios2-elf/4.1.2/../../../../nios2-elf/lib/libstdc++.a(tinfo.o)
 .bss           0x00036c40        0x0 /home/lordrafa/altera/12.1sp1/nios2eds/bin/gnu/H-i686-pc-linux-gnu/bin/../lib/gcc/nios2-elf/4.1.2/libgcc.a(lib2-divmod.o)
 .bss           0x00036c40        0x0 /home/lordrafa/altera/12.1sp1/nios2eds/bin/gnu/H-i686-pc-linux-gnu/bin/../lib/gcc/nios2-elf/4.1.2/libgcc.a(unwind-sjlj.o)
 .bss           0x00036c40        0x0 /home/lordrafa/altera/12.1sp1/nios2eds/bin/gnu/H-i686-pc-linux-gnu/bin/../lib/gcc/nios2-elf/4.1.2/../../../../nios2-elf/lib/libc.a(lib_a-abort.o)
 .bss           0x00036c40        0x0 /home/lordrafa/altera/12.1sp1/nios2eds/bin/gnu/H-i686-pc-linux-gnu/bin/../lib/gcc/nios2-elf/4.1.2/../../../../nios2-elf/lib/libc.a(lib_a-malloc.o)
 .bss           0x00036c40       0x28 /home/lordrafa/altera/12.1sp1/nios2eds/bin/gnu/H-i686-pc-linux-gnu/bin/../lib/gcc/nios2-elf/4.1.2/../../../../nios2-elf/lib/libc.a(lib_a-mallocr.o)
                0x00036c40                __malloc_current_mallinfo
 .bss           0x00036c68        0x0 /home/lordrafa/altera/12.1sp1/nios2eds/bin/gnu/H-i686-pc-linux-gnu/bin/../lib/gcc/nios2-elf/4.1.2/../../../../nios2-elf/lib/libc.a(lib_a-memcpy.o)
 .bss           0x00036c68        0x0 /home/lordrafa/altera/12.1sp1/nios2eds/bin/gnu/H-i686-pc-linux-gnu/bin/../lib/gcc/nios2-elf/4.1.2/../../../../nios2-elf/lib/libc.a(lib_a-memset.o)
 .bss           0x00036c68        0x0 /home/lordrafa/altera/12.1sp1/nios2eds/bin/gnu/H-i686-pc-linux-gnu/bin/../lib/gcc/nios2-elf/4.1.2/../../../../nios2-elf/lib/libc.a(lib_a-printf.o)
 .bss           0x00036c68        0x0 /home/lordrafa/altera/12.1sp1/nios2eds/bin/gnu/H-i686-pc-linux-gnu/bin/../lib/gcc/nios2-elf/4.1.2/../../../../nios2-elf/lib/libc.a(lib_a-puts.o)
 .bss           0x00036c68        0x0 /home/lordrafa/altera/12.1sp1/nios2eds/bin/gnu/H-i686-pc-linux-gnu/bin/../lib/gcc/nios2-elf/4.1.2/../../../../nios2-elf/lib/libc.a(lib_a-sbrkr.o)
 .bss           0x00036c68        0x0 /home/lordrafa/altera/12.1sp1/nios2eds/bin/gnu/H-i686-pc-linux-gnu/bin/../lib/gcc/nios2-elf/4.1.2/../../../../nios2-elf/lib/libc.a(lib_a-signal.o)
 .bss           0x00036c68        0x0 /home/lordrafa/altera/12.1sp1/nios2eds/bin/gnu/H-i686-pc-linux-gnu/bin/../lib/gcc/nios2-elf/4.1.2/../../../../nios2-elf/lib/libc.a(lib_a-signalr.o)
 .bss           0x00036c68        0x0 /home/lordrafa/altera/12.1sp1/nios2eds/bin/gnu/H-i686-pc-linux-gnu/bin/../lib/gcc/nios2-elf/4.1.2/../../../../nios2-elf/lib/libc.a(lib_a-snprintf.o)